Analysis & Synthesis report for p1
Fri Mar 28 01:16:55 2025
Quartus Prime Version 22.1std.0 Build 915 10/25/2022 SC Lite Edition


---------------------
; Table of Contents ;
---------------------
  1. Legal Notice
  2. Analysis & Synthesis Summary
  3. Analysis & Synthesis Settings
  4. Parallel Compilation
  5. Analysis & Synthesis Source Files Read
  6. Analysis & Synthesis Resource Usage Summary
  7. Analysis & Synthesis Resource Utilization by Entity
  8. Analysis & Synthesis DSP Block Usage Summary
  9. General Register Statistics
 10. Multiplexer Restructuring Statistics (Restructuring Performed)
 11. Parameter Settings for User Entity Instance: Top-level Entity: |p1
 12. Parameter Settings for Inferred Entity Instance: lpm_divide:Div1
 13. Parameter Settings for Inferred Entity Instance: lpm_divide:Mod1
 14. Parameter Settings for Inferred Entity Instance: lpm_divide:Div0
 15. Parameter Settings for Inferred Entity Instance: lpm_divide:Mod0
 16. Post-Synthesis Netlist Statistics for Top Partition
 17. Elapsed Time Per Partition
 18. Analysis & Synthesis Messages



----------------
; Legal Notice ;
----------------
Copyright (C) 2022  Intel Corporation. All rights reserved.
Your use of Intel Corporation's design tools, logic functions 
and other software and tools, and any partner logic 
functions, and any output files from any of the foregoing 
(including device programming or simulation files), and any 
associated documentation or information are expressly subject 
to the terms and conditions of the Intel Program License 
Subscription Agreement, the Intel Quartus Prime License Agreement,
the Intel FPGA IP License Agreement, or other applicable license
agreement, including, without limitation, that your use is for
the sole purpose of programming logic devices manufactured by
Intel and sold by Intel or its authorized distributors.  Please
refer to the applicable agreement for further details, at
https://fpgasoftware.intel.com/eula.



+----------------------------------------------------------------------------------+
; Analysis & Synthesis Summary                                                     ;
+---------------------------------+------------------------------------------------+
; Analysis & Synthesis Status     ; Successful - Fri Mar 28 01:16:55 2025          ;
; Quartus Prime Version           ; 22.1std.0 Build 915 10/25/2022 SC Lite Edition ;
; Revision Name                   ; p1                                             ;
; Top-level Entity Name           ; p1                                             ;
; Family                          ; Cyclone V                                      ;
; Logic utilization (in ALMs)     ; N/A                                            ;
; Total registers                 ; 0                                              ;
; Total pins                      ; 62                                             ;
; Total virtual pins              ; 0                                              ;
; Total block memory bits         ; 0                                              ;
; Total DSP Blocks                ; 1                                              ;
; Total HSSI RX PCSs              ; 0                                              ;
; Total HSSI PMA RX Deserializers ; 0                                              ;
; Total HSSI TX PCSs              ; 0                                              ;
; Total HSSI PMA TX Serializers   ; 0                                              ;
; Total PLLs                      ; 0                                              ;
; Total DLLs                      ; 0                                              ;
+---------------------------------+------------------------------------------------+


+---------------------------------------------------------------------------------------------------------------------------+
; Analysis & Synthesis Settings                                                                                             ;
+---------------------------------------------------------------------------------+--------------------+--------------------+
; Option                                                                          ; Setting            ; Default Value      ;
+---------------------------------------------------------------------------------+--------------------+--------------------+
; Device                                                                          ; 5CSXFC6D6F31C6     ;                    ;
; Top-level entity name                                                           ; p1                 ; p1                 ;
; Family name                                                                     ; Cyclone V          ; Cyclone V          ;
; Use smart compilation                                                           ; Off                ; Off                ;
; Enable parallel Assembler and Timing Analyzer during compilation                ; On                 ; On                 ;
; Enable compact report table                                                     ; Off                ; Off                ;
; Restructure Multiplexers                                                        ; Auto               ; Auto               ;
; MLAB Add Timing Constraints For Mixed-Port Feed-Through Mode Setting Don't Care ; Off                ; Off                ;
; Create Debugging Nodes for IP Cores                                             ; Off                ; Off                ;
; Preserve fewer node names                                                       ; On                 ; On                 ;
; Intel FPGA IP Evaluation Mode                                                   ; Enable             ; Enable             ;
; Verilog Version                                                                 ; Verilog_2001       ; Verilog_2001       ;
; VHDL Version                                                                    ; VHDL_1993          ; VHDL_1993          ;
; State Machine Processing                                                        ; Auto               ; Auto               ;
; Safe State Machine                                                              ; Off                ; Off                ;
; Extract Verilog State Machines                                                  ; On                 ; On                 ;
; Extract VHDL State Machines                                                     ; On                 ; On                 ;
; Ignore Verilog initial constructs                                               ; Off                ; Off                ;
; Iteration limit for constant Verilog loops                                      ; 5000               ; 5000               ;
; Iteration limit for non-constant Verilog loops                                  ; 250                ; 250                ;
; Add Pass-Through Logic to Inferred RAMs                                         ; On                 ; On                 ;
; Infer RAMs from Raw Logic                                                       ; On                 ; On                 ;
; Parallel Synthesis                                                              ; On                 ; On                 ;
; DSP Block Balancing                                                             ; Auto               ; Auto               ;
; NOT Gate Push-Back                                                              ; On                 ; On                 ;
; Power-Up Don't Care                                                             ; On                 ; On                 ;
; Remove Redundant Logic Cells                                                    ; Off                ; Off                ;
; Remove Duplicate Registers                                                      ; On                 ; On                 ;
; Ignore CARRY Buffers                                                            ; Off                ; Off                ;
; Ignore CASCADE Buffers                                                          ; Off                ; Off                ;
; Ignore GLOBAL Buffers                                                           ; Off                ; Off                ;
; Ignore ROW GLOBAL Buffers                                                       ; Off                ; Off                ;
; Ignore LCELL Buffers                                                            ; Off                ; Off                ;
; Ignore SOFT Buffers                                                             ; On                 ; On                 ;
; Limit AHDL Integers to 32 Bits                                                  ; Off                ; Off                ;
; Optimization Technique                                                          ; Balanced           ; Balanced           ;
; Carry Chain Length                                                              ; 70                 ; 70                 ;
; Auto Carry Chains                                                               ; On                 ; On                 ;
; Auto Open-Drain Pins                                                            ; On                 ; On                 ;
; Perform WYSIWYG Primitive Resynthesis                                           ; Off                ; Off                ;
; Auto ROM Replacement                                                            ; On                 ; On                 ;
; Auto RAM Replacement                                                            ; On                 ; On                 ;
; Auto DSP Block Replacement                                                      ; On                 ; On                 ;
; Auto Shift Register Replacement                                                 ; Auto               ; Auto               ;
; Allow Shift Register Merging across Hierarchies                                 ; Auto               ; Auto               ;
; Auto Clock Enable Replacement                                                   ; On                 ; On                 ;
; Strict RAM Replacement                                                          ; Off                ; Off                ;
; Allow Synchronous Control Signals                                               ; On                 ; On                 ;
; Force Use of Synchronous Clear Signals                                          ; Off                ; Off                ;
; Auto Resource Sharing                                                           ; Off                ; Off                ;
; Allow Any RAM Size For Recognition                                              ; Off                ; Off                ;
; Allow Any ROM Size For Recognition                                              ; Off                ; Off                ;
; Allow Any Shift Register Size For Recognition                                   ; Off                ; Off                ;
; Use LogicLock Constraints during Resource Balancing                             ; On                 ; On                 ;
; Ignore translate_off and synthesis_off directives                               ; Off                ; Off                ;
; Timing-Driven Synthesis                                                         ; On                 ; On                 ;
; Report Parameter Settings                                                       ; On                 ; On                 ;
; Report Source Assignments                                                       ; On                 ; On                 ;
; Report Connectivity Checks                                                      ; On                 ; On                 ;
; Ignore Maximum Fan-Out Assignments                                              ; Off                ; Off                ;
; Synchronization Register Chain Length                                           ; 3                  ; 3                  ;
; Power Optimization During Synthesis                                             ; Normal compilation ; Normal compilation ;
; HDL message level                                                               ; Level2             ; Level2             ;
; Suppress Register Optimization Related Messages                                 ; Off                ; Off                ;
; Number of Removed Registers Reported in Synthesis Report                        ; 5000               ; 5000               ;
; Number of Swept Nodes Reported in Synthesis Report                              ; 5000               ; 5000               ;
; Number of Inverted Registers Reported in Synthesis Report                       ; 100                ; 100                ;
; Clock MUX Protection                                                            ; On                 ; On                 ;
; Auto Gated Clock Conversion                                                     ; Off                ; Off                ;
; Block Design Naming                                                             ; Auto               ; Auto               ;
; SDC constraint protection                                                       ; Off                ; Off                ;
; Synthesis Effort                                                                ; Auto               ; Auto               ;
; Shift Register Replacement - Allow Asynchronous Clear Signal                    ; On                 ; On                 ;
; Pre-Mapping Resynthesis Optimization                                            ; Off                ; Off                ;
; Analysis & Synthesis Message Level                                              ; Medium             ; Medium             ;
; Disable Register Merging Across Hierarchies                                     ; Auto               ; Auto               ;
; Resource Aware Inference For Block RAM                                          ; On                 ; On                 ;
; Automatic Parallel Synthesis                                                    ; On                 ; On                 ;
; Partial Reconfiguration Bitstream ID                                            ; Off                ; Off                ;
+---------------------------------------------------------------------------------+--------------------+--------------------+


+------------------------------------------+
; Parallel Compilation                     ;
+----------------------------+-------------+
; Processors                 ; Number      ;
+----------------------------+-------------+
; Number detected on machine ; 16          ;
; Maximum allowed            ; 16          ;
;                            ;             ;
; Average used               ; 1.00        ;
; Maximum used               ; 1           ;
;                            ;             ;
; Usage by Processor         ; % Time Used ;
;     Processor 1            ; 100.0%      ;
+----------------------------+-------------+


+--------------------------------------------------------------------------------------------------------------------------------------------------------------------------------------------------------------------+
; Analysis & Synthesis Source Files Read                                                                                                                                                                             ;
+----------------------------------+-----------------+------------------------------+----------------------------------------------------------------------------------------------------------------------+---------+
; File Name with User-Entered Path ; Used in Netlist ; File Type                    ; File Name with Absolute Path                                                                                         ; Library ;
+----------------------------------+-----------------+------------------------------+----------------------------------------------------------------------------------------------------------------------+---------+
; p1.sv                            ; yes             ; User SystemVerilog HDL File  ; C:/Users/Xpc/Documents/GitHub/gbolaos_ablanco_bfeng_digital_desing_lab_2025/Laboratorio_2/p1.sv                      ;         ;
; lpm_divide.tdf                   ; yes             ; Megafunction                 ; c:/intelfpga_lite/22.1std/quartus/libraries/megafunctions/lpm_divide.tdf                                             ;         ;
; abs_divider.inc                  ; yes             ; Megafunction                 ; c:/intelfpga_lite/22.1std/quartus/libraries/megafunctions/abs_divider.inc                                            ;         ;
; sign_div_unsign.inc              ; yes             ; Megafunction                 ; c:/intelfpga_lite/22.1std/quartus/libraries/megafunctions/sign_div_unsign.inc                                        ;         ;
; aglobal221.inc                   ; yes             ; Megafunction                 ; c:/intelfpga_lite/22.1std/quartus/libraries/megafunctions/aglobal221.inc                                             ;         ;
; db/lpm_divide_rno.tdf            ; yes             ; Auto-Generated Megafunction  ; C:/Users/Xpc/Documents/GitHub/gbolaos_ablanco_bfeng_digital_desing_lab_2025/Laboratorio_2/db/lpm_divide_rno.tdf      ;         ;
; db/abs_divider_4ag.tdf           ; yes             ; Auto-Generated Megafunction  ; C:/Users/Xpc/Documents/GitHub/gbolaos_ablanco_bfeng_digital_desing_lab_2025/Laboratorio_2/db/abs_divider_4ag.tdf     ;         ;
; db/alt_u_div_ose.tdf             ; yes             ; Auto-Generated Megafunction  ; C:/Users/Xpc/Documents/GitHub/gbolaos_ablanco_bfeng_digital_desing_lab_2025/Laboratorio_2/db/alt_u_div_ose.tdf       ;         ;
; db/lpm_abs_kn9.tdf               ; yes             ; Auto-Generated Megafunction  ; C:/Users/Xpc/Documents/GitHub/gbolaos_ablanco_bfeng_digital_desing_lab_2025/Laboratorio_2/db/lpm_abs_kn9.tdf         ;         ;
; db/lpm_divide_ufo.tdf            ; yes             ; Auto-Generated Megafunction  ; C:/Users/Xpc/Documents/GitHub/gbolaos_ablanco_bfeng_digital_desing_lab_2025/Laboratorio_2/db/lpm_divide_ufo.tdf      ;         ;
; db/lpm_divide_1am.tdf            ; yes             ; Auto-Generated Megafunction  ; C:/Users/Xpc/Documents/GitHub/gbolaos_ablanco_bfeng_digital_desing_lab_2025/Laboratorio_2/db/lpm_divide_1am.tdf      ;         ;
; db/sign_div_unsign_7kh.tdf       ; yes             ; Auto-Generated Megafunction  ; C:/Users/Xpc/Documents/GitHub/gbolaos_ablanco_bfeng_digital_desing_lab_2025/Laboratorio_2/db/sign_div_unsign_7kh.tdf ;         ;
; db/alt_u_div_kse.tdf             ; yes             ; Auto-Generated Megafunction  ; C:/Users/Xpc/Documents/GitHub/gbolaos_ablanco_bfeng_digital_desing_lab_2025/Laboratorio_2/db/alt_u_div_kse.tdf       ;         ;
; db/lpm_divide_42m.tdf            ; yes             ; Auto-Generated Megafunction  ; C:/Users/Xpc/Documents/GitHub/gbolaos_ablanco_bfeng_digital_desing_lab_2025/Laboratorio_2/db/lpm_divide_42m.tdf      ;         ;
+----------------------------------+-----------------+------------------------------+----------------------------------------------------------------------------------------------------------------------+---------+


+-----------------------------------------------------------+
; Analysis & Synthesis Resource Usage Summary               ;
+---------------------------------------------+-------------+
; Resource                                    ; Usage       ;
+---------------------------------------------+-------------+
; Estimate of Logic utilization (ALMs needed) ; 214         ;
;                                             ;             ;
; Combinational ALUT usage for logic          ; 381         ;
;     -- 7 input functions                    ; 7           ;
;     -- 6 input functions                    ; 39          ;
;     -- 5 input functions                    ; 54          ;
;     -- 4 input functions                    ; 90          ;
;     -- <=3 input functions                  ; 191         ;
;                                             ;             ;
; Dedicated logic registers                   ; 0           ;
;                                             ;             ;
; I/O pins                                    ; 62          ;
;                                             ;             ;
; Total DSP Blocks                            ; 1           ;
;                                             ;             ;
; Maximum fan-out node                        ; SW[3]~input ;
; Maximum fan-out                             ; 70          ;
; Total fan-out                               ; 1492        ;
; Average fan-out                             ; 2.95        ;
+---------------------------------------------+-------------+


+--------------------------------------------------------------------------------------------------------------------------------------------------------------------------------------------------------------------------------------------------------------------------------------------+
; Analysis & Synthesis Resource Utilization by Entity                                                                                                                                                                                                                                        ;
+----------------------------------------+---------------------+---------------------------+-------------------+------------+------+--------------+-----------------------------------------------------------------------------------------------------+---------------------+--------------+
; Compilation Hierarchy Node             ; Combinational ALUTs ; Dedicated Logic Registers ; Block Memory Bits ; DSP Blocks ; Pins ; Virtual Pins ; Full Hierarchy Name                                                                                 ; Entity Name         ; Library Name ;
+----------------------------------------+---------------------+---------------------------+-------------------+------------+------+--------------+-----------------------------------------------------------------------------------------------------+---------------------+--------------+
; |p1                                    ; 381 (245)           ; 0 (0)                     ; 0                 ; 1          ; 62   ; 0            ; |p1                                                                                                 ; p1                  ; work         ;
;    |lpm_divide:Div0|                   ; 22 (0)              ; 0 (0)                     ; 0                 ; 0          ; 0    ; 0            ; |p1|lpm_divide:Div0                                                                                 ; lpm_divide          ; work         ;
;       |lpm_divide_1am:auto_generated|  ; 22 (0)              ; 0 (0)                     ; 0                 ; 0          ; 0    ; 0            ; |p1|lpm_divide:Div0|lpm_divide_1am:auto_generated                                                   ; lpm_divide_1am      ; work         ;
;          |sign_div_unsign_7kh:divider| ; 22 (0)              ; 0 (0)                     ; 0                 ; 0          ; 0    ; 0            ; |p1|lpm_divide:Div0|lpm_divide_1am:auto_generated|sign_div_unsign_7kh:divider                       ; sign_div_unsign_7kh ; work         ;
;             |alt_u_div_kse:divider|    ; 22 (22)             ; 0 (0)                     ; 0                 ; 0          ; 0    ; 0            ; |p1|lpm_divide:Div0|lpm_divide_1am:auto_generated|sign_div_unsign_7kh:divider|alt_u_div_kse:divider ; alt_u_div_kse       ; work         ;
;    |lpm_divide:Div1|                   ; 43 (0)              ; 0 (0)                     ; 0                 ; 0          ; 0    ; 0            ; |p1|lpm_divide:Div1                                                                                 ; lpm_divide          ; work         ;
;       |lpm_divide_rno:auto_generated|  ; 43 (0)              ; 0 (0)                     ; 0                 ; 0          ; 0    ; 0            ; |p1|lpm_divide:Div1|lpm_divide_rno:auto_generated                                                   ; lpm_divide_rno      ; work         ;
;          |abs_divider_4ag:divider|     ; 43 (6)              ; 0 (0)                     ; 0                 ; 0          ; 0    ; 0            ; |p1|lpm_divide:Div1|lpm_divide_rno:auto_generated|abs_divider_4ag:divider                           ; abs_divider_4ag     ; work         ;
;             |alt_u_div_ose:divider|    ; 29 (29)             ; 0 (0)                     ; 0                 ; 0          ; 0    ; 0            ; |p1|lpm_divide:Div1|lpm_divide_rno:auto_generated|abs_divider_4ag:divider|alt_u_div_ose:divider     ; alt_u_div_ose       ; work         ;
;             |lpm_abs_kn9:my_abs_den|   ; 4 (4)               ; 0 (0)                     ; 0                 ; 0          ; 0    ; 0            ; |p1|lpm_divide:Div1|lpm_divide_rno:auto_generated|abs_divider_4ag:divider|lpm_abs_kn9:my_abs_den    ; lpm_abs_kn9         ; work         ;
;             |lpm_abs_kn9:my_abs_num|   ; 4 (4)               ; 0 (0)                     ; 0                 ; 0          ; 0    ; 0            ; |p1|lpm_divide:Div1|lpm_divide_rno:auto_generated|abs_divider_4ag:divider|lpm_abs_kn9:my_abs_num    ; lpm_abs_kn9         ; work         ;
;    |lpm_divide:Mod0|                   ; 22 (0)              ; 0 (0)                     ; 0                 ; 0          ; 0    ; 0            ; |p1|lpm_divide:Mod0                                                                                 ; lpm_divide          ; work         ;
;       |lpm_divide_42m:auto_generated|  ; 22 (0)              ; 0 (0)                     ; 0                 ; 0          ; 0    ; 0            ; |p1|lpm_divide:Mod0|lpm_divide_42m:auto_generated                                                   ; lpm_divide_42m      ; work         ;
;          |sign_div_unsign_7kh:divider| ; 22 (0)              ; 0 (0)                     ; 0                 ; 0          ; 0    ; 0            ; |p1|lpm_divide:Mod0|lpm_divide_42m:auto_generated|sign_div_unsign_7kh:divider                       ; sign_div_unsign_7kh ; work         ;
;             |alt_u_div_kse:divider|    ; 22 (22)             ; 0 (0)                     ; 0                 ; 0          ; 0    ; 0            ; |p1|lpm_divide:Mod0|lpm_divide_42m:auto_generated|sign_div_unsign_7kh:divider|alt_u_div_kse:divider ; alt_u_div_kse       ; work         ;
;    |lpm_divide:Mod1|                   ; 49 (0)              ; 0 (0)                     ; 0                 ; 0          ; 0    ; 0            ; |p1|lpm_divide:Mod1                                                                                 ; lpm_divide          ; work         ;
;       |lpm_divide_ufo:auto_generated|  ; 49 (0)              ; 0 (0)                     ; 0                 ; 0          ; 0    ; 0            ; |p1|lpm_divide:Mod1|lpm_divide_ufo:auto_generated                                                   ; lpm_divide_ufo      ; work         ;
;          |abs_divider_4ag:divider|     ; 49 (5)              ; 0 (0)                     ; 0                 ; 0          ; 0    ; 0            ; |p1|lpm_divide:Mod1|lpm_divide_ufo:auto_generated|abs_divider_4ag:divider                           ; abs_divider_4ag     ; work         ;
;             |alt_u_div_ose:divider|    ; 36 (36)             ; 0 (0)                     ; 0                 ; 0          ; 0    ; 0            ; |p1|lpm_divide:Mod1|lpm_divide_ufo:auto_generated|abs_divider_4ag:divider|alt_u_div_ose:divider     ; alt_u_div_ose       ; work         ;
;             |lpm_abs_kn9:my_abs_den|   ; 4 (4)               ; 0 (0)                     ; 0                 ; 0          ; 0    ; 0            ; |p1|lpm_divide:Mod1|lpm_divide_ufo:auto_generated|abs_divider_4ag:divider|lpm_abs_kn9:my_abs_den    ; lpm_abs_kn9         ; work         ;
;             |lpm_abs_kn9:my_abs_num|   ; 4 (4)               ; 0 (0)                     ; 0                 ; 0          ; 0    ; 0            ; |p1|lpm_divide:Mod1|lpm_divide_ufo:auto_generated|abs_divider_4ag:divider|lpm_abs_kn9:my_abs_num    ; lpm_abs_kn9         ; work         ;
+----------------------------------------+---------------------+---------------------------+-------------------+------------+------+--------------+-----------------------------------------------------------------------------------------------------+---------------------+--------------+
Note: For table entries with two numbers listed, the numbers in parentheses indicate the number of resources of the given type used by the specific entity alone. The numbers listed outside of parentheses indicate the total resources of the given type used by the specific entity and all of its sub-entities in the hierarchy.


+----------------------------------------------+
; Analysis & Synthesis DSP Block Usage Summary ;
+-------------------------------+--------------+
; Statistic                     ; Number Used  ;
+-------------------------------+--------------+
; Independent 9x9               ; 1            ;
; Total number of DSP blocks    ; 1            ;
;                               ;              ;
; Fixed Point Signed Multiplier ; 1            ;
+-------------------------------+--------------+


+------------------------------------------------------+
; General Register Statistics                          ;
+----------------------------------------------+-------+
; Statistic                                    ; Value ;
+----------------------------------------------+-------+
; Total registers                              ; 0     ;
; Number of registers using Synchronous Clear  ; 0     ;
; Number of registers using Synchronous Load   ; 0     ;
; Number of registers using Asynchronous Clear ; 0     ;
; Number of registers using Asynchronous Load  ; 0     ;
; Number of registers using Clock Enable       ; 0     ;
; Number of registers using Preset             ; 0     ;
+----------------------------------------------+-------+


+------------------------------------------------------------------------------------------------------------------------------------------+
; Multiplexer Restructuring Statistics (Restructuring Performed)                                                                           ;
+--------------------+-----------+---------------+----------------------+------------------------+------------+----------------------------+
; Multiplexer Inputs ; Bus Width ; Baseline Area ; Area if Restructured ; Saving if Restructured ; Registered ; Example Multiplexer Output ;
+--------------------+-----------+---------------+----------------------+------------------------+------------+----------------------------+
; 4:1                ; 2 bits    ; 4 LEs         ; 4 LEs                ; 0 LEs                  ; No         ; |p1|ShiftRight1            ;
+--------------------+-----------+---------------+----------------------+------------------------+------------+----------------------------+


+--------------------------------------------------------------------+
; Parameter Settings for User Entity Instance: Top-level Entity: |p1 ;
+----------------+-------+-------------------------------------------+
; Parameter Name ; Value ; Type                                      ;
+----------------+-------+-------------------------------------------+
; N              ; 4     ; Signed Integer                            ;
+----------------+-------+-------------------------------------------+
Note: In order to hide this table in the UI and the text report file, please set the "Show Parameter Settings in Synthesis Report" option in "Analysis and Synthesis Settings -> More Settings" to "Off".


+------------------------------------------------------------------+
; Parameter Settings for Inferred Entity Instance: lpm_divide:Div1 ;
+------------------------+----------------+------------------------+
; Parameter Name         ; Value          ; Type                   ;
+------------------------+----------------+------------------------+
; LPM_WIDTHN             ; 5              ; Untyped                ;
; LPM_WIDTHD             ; 5              ; Untyped                ;
; LPM_NREPRESENTATION    ; SIGNED         ; Untyped                ;
; LPM_DREPRESENTATION    ; SIGNED         ; Untyped                ;
; LPM_PIPELINE           ; 0              ; Untyped                ;
; LPM_REMAINDERPOSITIVE  ; FALSE          ; Untyped                ;
; MAXIMIZE_SPEED         ; 5              ; Untyped                ;
; CBXI_PARAMETER         ; lpm_divide_rno ; Untyped                ;
; CARRY_CHAIN            ; MANUAL         ; Untyped                ;
; OPTIMIZE_FOR_SPEED     ; 5              ; Untyped                ;
; AUTO_CARRY_CHAINS      ; ON             ; AUTO_CARRY             ;
; IGNORE_CARRY_BUFFERS   ; OFF            ; IGNORE_CARRY           ;
; AUTO_CASCADE_CHAINS    ; ON             ; AUTO_CASCADE           ;
; IGNORE_CASCADE_BUFFERS ; OFF            ; IGNORE_CASCADE         ;
+------------------------+----------------+------------------------+
Note: In order to hide this table in the UI and the text report file, please set the "Show Parameter Settings in Synthesis Report" option in "Analysis and Synthesis Settings -> More Settings" to "Off".


+------------------------------------------------------------------+
; Parameter Settings for Inferred Entity Instance: lpm_divide:Mod1 ;
+------------------------+----------------+------------------------+
; Parameter Name         ; Value          ; Type                   ;
+------------------------+----------------+------------------------+
; LPM_WIDTHN             ; 5              ; Untyped                ;
; LPM_WIDTHD             ; 5              ; Untyped                ;
; LPM_NREPRESENTATION    ; SIGNED         ; Untyped                ;
; LPM_DREPRESENTATION    ; SIGNED         ; Untyped                ;
; LPM_PIPELINE           ; 0              ; Untyped                ;
; LPM_REMAINDERPOSITIVE  ; FALSE          ; Untyped                ;
; MAXIMIZE_SPEED         ; 5              ; Untyped                ;
; CBXI_PARAMETER         ; lpm_divide_ufo ; Untyped                ;
; CARRY_CHAIN            ; MANUAL         ; Untyped                ;
; OPTIMIZE_FOR_SPEED     ; 5              ; Untyped                ;
; AUTO_CARRY_CHAINS      ; ON             ; AUTO_CARRY             ;
; IGNORE_CARRY_BUFFERS   ; OFF            ; IGNORE_CARRY           ;
; AUTO_CASCADE_CHAINS    ; ON             ; AUTO_CASCADE           ;
; IGNORE_CASCADE_BUFFERS ; OFF            ; IGNORE_CASCADE         ;
+------------------------+----------------+------------------------+
Note: In order to hide this table in the UI and the text report file, please set the "Show Parameter Settings in Synthesis Report" option in "Analysis and Synthesis Settings -> More Settings" to "Off".


+------------------------------------------------------------------+
; Parameter Settings for Inferred Entity Instance: lpm_divide:Div0 ;
+------------------------+----------------+------------------------+
; Parameter Name         ; Value          ; Type                   ;
+------------------------+----------------+------------------------+
; LPM_WIDTHN             ; 4              ; Untyped                ;
; LPM_WIDTHD             ; 4              ; Untyped                ;
; LPM_NREPRESENTATION    ; UNSIGNED       ; Untyped                ;
; LPM_DREPRESENTATION    ; UNSIGNED       ; Untyped                ;
; LPM_PIPELINE           ; 0              ; Untyped                ;
; LPM_REMAINDERPOSITIVE  ; TRUE           ; Untyped                ;
; MAXIMIZE_SPEED         ; 5              ; Untyped                ;
; CBXI_PARAMETER         ; lpm_divide_1am ; Untyped                ;
; CARRY_CHAIN            ; MANUAL         ; Untyped                ;
; OPTIMIZE_FOR_SPEED     ; 5              ; Untyped                ;
; AUTO_CARRY_CHAINS      ; ON             ; AUTO_CARRY             ;
; IGNORE_CARRY_BUFFERS   ; OFF            ; IGNORE_CARRY           ;
; AUTO_CASCADE_CHAINS    ; ON             ; AUTO_CASCADE           ;
; IGNORE_CASCADE_BUFFERS ; OFF            ; IGNORE_CASCADE         ;
+------------------------+----------------+------------------------+
Note: In order to hide this table in the UI and the text report file, please set the "Show Parameter Settings in Synthesis Report" option in "Analysis and Synthesis Settings -> More Settings" to "Off".


+------------------------------------------------------------------+
; Parameter Settings for Inferred Entity Instance: lpm_divide:Mod0 ;
+------------------------+----------------+------------------------+
; Parameter Name         ; Value          ; Type                   ;
+------------------------+----------------+------------------------+
; LPM_WIDTHN             ; 4              ; Untyped                ;
; LPM_WIDTHD             ; 4              ; Untyped                ;
; LPM_NREPRESENTATION    ; UNSIGNED       ; Untyped                ;
; LPM_DREPRESENTATION    ; UNSIGNED       ; Untyped                ;
; LPM_PIPELINE           ; 0              ; Untyped                ;
; LPM_REMAINDERPOSITIVE  ; TRUE           ; Untyped                ;
; MAXIMIZE_SPEED         ; 5              ; Untyped                ;
; CBXI_PARAMETER         ; lpm_divide_42m ; Untyped                ;
; CARRY_CHAIN            ; MANUAL         ; Untyped                ;
; OPTIMIZE_FOR_SPEED     ; 5              ; Untyped                ;
; AUTO_CARRY_CHAINS      ; ON             ; AUTO_CARRY             ;
; IGNORE_CARRY_BUFFERS   ; OFF            ; IGNORE_CARRY           ;
; AUTO_CASCADE_CHAINS    ; ON             ; AUTO_CASCADE           ;
; IGNORE_CASCADE_BUFFERS ; OFF            ; IGNORE_CASCADE         ;
+------------------------+----------------+------------------------+
Note: In order to hide this table in the UI and the text report file, please set the "Show Parameter Settings in Synthesis Report" option in "Analysis and Synthesis Settings -> More Settings" to "Off".


+-----------------------------------------------------+
; Post-Synthesis Netlist Statistics for Top Partition ;
+-----------------------+-----------------------------+
; Type                  ; Count                       ;
+-----------------------+-----------------------------+
; arriav_lcell_comb     ; 396                         ;
;     arith             ; 127                         ;
;         0 data inputs ; 16                          ;
;         1 data inputs ; 32                          ;
;         2 data inputs ; 46                          ;
;         3 data inputs ; 6                           ;
;         4 data inputs ; 15                          ;
;         5 data inputs ; 12                          ;
;     extend            ; 7                           ;
;         7 data inputs ; 7                           ;
;     normal            ; 221                         ;
;         0 data inputs ; 1                           ;
;         1 data inputs ; 14                          ;
;         2 data inputs ; 20                          ;
;         3 data inputs ; 38                          ;
;         4 data inputs ; 67                          ;
;         5 data inputs ; 42                          ;
;         6 data inputs ; 39                          ;
;     shared            ; 41                          ;
;         0 data inputs ; 10                          ;
;         1 data inputs ; 2                           ;
;         2 data inputs ; 19                          ;
;         3 data inputs ; 2                           ;
;         4 data inputs ; 8                           ;
; arriav_mac            ; 1                           ;
; boundary_port         ; 62                          ;
;                       ;                             ;
; Max LUT depth         ; 15.50                       ;
; Average LUT depth     ; 11.31                       ;
+-----------------------+-----------------------------+


+-------------------------------+
; Elapsed Time Per Partition    ;
+----------------+--------------+
; Partition Name ; Elapsed Time ;
+----------------+--------------+
; Top            ; 00:00:05     ;
+----------------+--------------+


+-------------------------------+
; Analysis & Synthesis Messages ;
+-------------------------------+
Info: *******************************************************************
Info: Running Quartus Prime Analysis & Synthesis
    Info: Version 22.1std.0 Build 915 10/25/2022 SC Lite Edition
    Info: Processing started: Fri Mar 28 01:16:43 2025
Info: Command: quartus_map --read_settings_files=on --write_settings_files=off p1 -c p1
Warning (18236): Number of processors has not been specified which may cause overloading on shared machines.  Set the global assignment NUM_PARALLEL_PROCESSORS in your QSF to an appropriate value for best performance.
Info (20030): Parallel compilation is enabled and will use 16 of the 16 processors detected
Info (12021): Found 1 design units, including 1 entities, in source file p1.sv
    Info (12023): Found entity 1: p1 File: C:/Users/Xpc/Documents/GitHub/gbolaos_ablanco_bfeng_digital_desing_lab_2025/Laboratorio_2/p1.sv Line: 1
Info (12021): Found 1 design units, including 1 entities, in source file p1_tb.sv
    Info (12023): Found entity 1: p1_tb File: C:/Users/Xpc/Documents/GitHub/gbolaos_ablanco_bfeng_digital_desing_lab_2025/Laboratorio_2/p1_tb.sv Line: 1
Info (12127): Elaborating entity "p1" for the top level hierarchy
Warning (10230): Verilog HDL assignment warning at p1.sv(99): truncated value with size 32 to match size of target (4) File: C:/Users/Xpc/Documents/GitHub/gbolaos_ablanco_bfeng_digital_desing_lab_2025/Laboratorio_2/p1.sv Line: 99
Warning (10230): Verilog HDL assignment warning at p1.sv(103): truncated value with size 32 to match size of target (1) File: C:/Users/Xpc/Documents/GitHub/gbolaos_ablanco_bfeng_digital_desing_lab_2025/Laboratorio_2/p1.sv Line: 103
Warning (10230): Verilog HDL assignment warning at p1.sv(119): truncated value with size 32 to match size of target (5) File: C:/Users/Xpc/Documents/GitHub/gbolaos_ablanco_bfeng_digital_desing_lab_2025/Laboratorio_2/p1.sv Line: 119
Warning (10230): Verilog HDL assignment warning at p1.sv(131): truncated value with size 32 to match size of target (5) File: C:/Users/Xpc/Documents/GitHub/gbolaos_ablanco_bfeng_digital_desing_lab_2025/Laboratorio_2/p1.sv Line: 131
Warning (10270): Verilog HDL Case Statement warning at p1.sv(46): incomplete case statement has no default case item File: C:/Users/Xpc/Documents/GitHub/gbolaos_ablanco_bfeng_digital_desing_lab_2025/Laboratorio_2/p1.sv Line: 46
Warning (10230): Verilog HDL assignment warning at p1.sv(166): truncated value with size 5 to match size of target (4) File: C:/Users/Xpc/Documents/GitHub/gbolaos_ablanco_bfeng_digital_desing_lab_2025/Laboratorio_2/p1.sv Line: 166
Info (278001): Inferred 4 megafunctions from design logic
    Info (278004): Inferred divider/modulo megafunction ("lpm_divide") from the following logic: "Div1" File: C:/Users/Xpc/Documents/GitHub/gbolaos_ablanco_bfeng_digital_desing_lab_2025/Laboratorio_2/p1.sv Line: 119
    Info (278004): Inferred divider/modulo megafunction ("lpm_divide") from the following logic: "Mod1" File: C:/Users/Xpc/Documents/GitHub/gbolaos_ablanco_bfeng_digital_desing_lab_2025/Laboratorio_2/p1.sv Line: 131
    Info (278004): Inferred divider/modulo megafunction ("lpm_divide") from the following logic: "Div0" File: C:/Users/Xpc/Documents/GitHub/gbolaos_ablanco_bfeng_digital_desing_lab_2025/Laboratorio_2/p1.sv Line: 111
    Info (278004): Inferred divider/modulo megafunction ("lpm_divide") from the following logic: "Mod0" File: C:/Users/Xpc/Documents/GitHub/gbolaos_ablanco_bfeng_digital_desing_lab_2025/Laboratorio_2/p1.sv Line: 124
Info (12130): Elaborated megafunction instantiation "lpm_divide:Div1" File: C:/Users/Xpc/Documents/GitHub/gbolaos_ablanco_bfeng_digital_desing_lab_2025/Laboratorio_2/p1.sv Line: 119
Info (12133): Instantiated megafunction "lpm_divide:Div1" with the following parameter: File: C:/Users/Xpc/Documents/GitHub/gbolaos_ablanco_bfeng_digital_desing_lab_2025/Laboratorio_2/p1.sv Line: 119
    Info (12134): Parameter "LPM_WIDTHN" = "5"
    Info (12134): Parameter "LPM_WIDTHD" = "5"
    Info (12134): Parameter "LPM_NREPRESENTATION" = "SIGNED"
    Info (12134): Parameter "LPM_DREPRESENTATION" = "SIGNED"
    Info (12134): Parameter "LPM_HINT" = "LPM_REMAINDERPOSITIVE=FALSE"
Info (12021): Found 1 design units, including 1 entities, in source file db/lpm_divide_rno.tdf
    Info (12023): Found entity 1: lpm_divide_rno File: C:/Users/Xpc/Documents/GitHub/gbolaos_ablanco_bfeng_digital_desing_lab_2025/Laboratorio_2/db/lpm_divide_rno.tdf Line: 25
Info (12021): Found 1 design units, including 1 entities, in source file db/abs_divider_4ag.tdf
    Info (12023): Found entity 1: abs_divider_4ag File: C:/Users/Xpc/Documents/GitHub/gbolaos_ablanco_bfeng_digital_desing_lab_2025/Laboratorio_2/db/abs_divider_4ag.tdf Line: 27
Info (12021): Found 1 design units, including 1 entities, in source file db/alt_u_div_ose.tdf
    Info (12023): Found entity 1: alt_u_div_ose File: C:/Users/Xpc/Documents/GitHub/gbolaos_ablanco_bfeng_digital_desing_lab_2025/Laboratorio_2/db/alt_u_div_ose.tdf Line: 23
Info (12021): Found 1 design units, including 1 entities, in source file db/lpm_abs_kn9.tdf
    Info (12023): Found entity 1: lpm_abs_kn9 File: C:/Users/Xpc/Documents/GitHub/gbolaos_ablanco_bfeng_digital_desing_lab_2025/Laboratorio_2/db/lpm_abs_kn9.tdf Line: 23
Info (12130): Elaborated megafunction instantiation "lpm_divide:Mod1" File: C:/Users/Xpc/Documents/GitHub/gbolaos_ablanco_bfeng_digital_desing_lab_2025/Laboratorio_2/p1.sv Line: 131
Info (12133): Instantiated megafunction "lpm_divide:Mod1" with the following parameter: File: C:/Users/Xpc/Documents/GitHub/gbolaos_ablanco_bfeng_digital_desing_lab_2025/Laboratorio_2/p1.sv Line: 131
    Info (12134): Parameter "LPM_WIDTHN" = "5"
    Info (12134): Parameter "LPM_WIDTHD" = "5"
    Info (12134): Parameter "LPM_NREPRESENTATION" = "SIGNED"
    Info (12134): Parameter "LPM_DREPRESENTATION" = "SIGNED"
    Info (12134): Parameter "LPM_HINT" = "LPM_REMAINDERPOSITIVE=FALSE"
Info (12021): Found 1 design units, including 1 entities, in source file db/lpm_divide_ufo.tdf
    Info (12023): Found entity 1: lpm_divide_ufo File: C:/Users/Xpc/Documents/GitHub/gbolaos_ablanco_bfeng_digital_desing_lab_2025/Laboratorio_2/db/lpm_divide_ufo.tdf Line: 25
Info (12130): Elaborated megafunction instantiation "lpm_divide:Div0" File: C:/Users/Xpc/Documents/GitHub/gbolaos_ablanco_bfeng_digital_desing_lab_2025/Laboratorio_2/p1.sv Line: 111
Info (12133): Instantiated megafunction "lpm_divide:Div0" with the following parameter: File: C:/Users/Xpc/Documents/GitHub/gbolaos_ablanco_bfeng_digital_desing_lab_2025/Laboratorio_2/p1.sv Line: 111
    Info (12134): Parameter "LPM_WIDTHN" = "4"
    Info (12134): Parameter "LPM_WIDTHD" = "4"
    Info (12134): Parameter "LPM_NREPRESENTATION" = "UNSIGNED"
    Info (12134): Parameter "LPM_DREPRESENTATION" = "UNSIGNED"
Info (12021): Found 1 design units, including 1 entities, in source file db/lpm_divide_1am.tdf
    Info (12023): Found entity 1: lpm_divide_1am File: C:/Users/Xpc/Documents/GitHub/gbolaos_ablanco_bfeng_digital_desing_lab_2025/Laboratorio_2/db/lpm_divide_1am.tdf Line: 25
Info (12021): Found 1 design units, including 1 entities, in source file db/sign_div_unsign_7kh.tdf
    Info (12023): Found entity 1: sign_div_unsign_7kh File: C:/Users/Xpc/Documents/GitHub/gbolaos_ablanco_bfeng_digital_desing_lab_2025/Laboratorio_2/db/sign_div_unsign_7kh.tdf Line: 25
Info (12021): Found 1 design units, including 1 entities, in source file db/alt_u_div_kse.tdf
    Info (12023): Found entity 1: alt_u_div_kse File: C:/Users/Xpc/Documents/GitHub/gbolaos_ablanco_bfeng_digital_desing_lab_2025/Laboratorio_2/db/alt_u_div_kse.tdf Line: 23
Info (12130): Elaborated megafunction instantiation "lpm_divide:Mod0" File: C:/Users/Xpc/Documents/GitHub/gbolaos_ablanco_bfeng_digital_desing_lab_2025/Laboratorio_2/p1.sv Line: 124
Info (12133): Instantiated megafunction "lpm_divide:Mod0" with the following parameter: File: C:/Users/Xpc/Documents/GitHub/gbolaos_ablanco_bfeng_digital_desing_lab_2025/Laboratorio_2/p1.sv Line: 124
    Info (12134): Parameter "LPM_WIDTHN" = "4"
    Info (12134): Parameter "LPM_WIDTHD" = "4"
    Info (12134): Parameter "LPM_NREPRESENTATION" = "UNSIGNED"
    Info (12134): Parameter "LPM_DREPRESENTATION" = "UNSIGNED"
Info (12021): Found 1 design units, including 1 entities, in source file db/lpm_divide_42m.tdf
    Info (12023): Found entity 1: lpm_divide_42m File: C:/Users/Xpc/Documents/GitHub/gbolaos_ablanco_bfeng_digital_desing_lab_2025/Laboratorio_2/db/lpm_divide_42m.tdf Line: 25
Warning (13024): Output pins are stuck at VCC or GND
    Warning (13410): Pin "HEX1[0]" is stuck at VCC File: C:/Users/Xpc/Documents/GitHub/gbolaos_ablanco_bfeng_digital_desing_lab_2025/Laboratorio_2/p1.sv Line: 4
    Warning (13410): Pin "HEX1[1]" is stuck at VCC File: C:/Users/Xpc/Documents/GitHub/gbolaos_ablanco_bfeng_digital_desing_lab_2025/Laboratorio_2/p1.sv Line: 4
    Warning (13410): Pin "HEX1[2]" is stuck at VCC File: C:/Users/Xpc/Documents/GitHub/gbolaos_ablanco_bfeng_digital_desing_lab_2025/Laboratorio_2/p1.sv Line: 4
    Warning (13410): Pin "HEX1[3]" is stuck at VCC File: C:/Users/Xpc/Documents/GitHub/gbolaos_ablanco_bfeng_digital_desing_lab_2025/Laboratorio_2/p1.sv Line: 4
    Warning (13410): Pin "HEX1[4]" is stuck at VCC File: C:/Users/Xpc/Documents/GitHub/gbolaos_ablanco_bfeng_digital_desing_lab_2025/Laboratorio_2/p1.sv Line: 4
    Warning (13410): Pin "HEX1[5]" is stuck at VCC File: C:/Users/Xpc/Documents/GitHub/gbolaos_ablanco_bfeng_digital_desing_lab_2025/Laboratorio_2/p1.sv Line: 4
    Warning (13410): Pin "HEX3[0]" is stuck at VCC File: C:/Users/Xpc/Documents/GitHub/gbolaos_ablanco_bfeng_digital_desing_lab_2025/Laboratorio_2/p1.sv Line: 4
    Warning (13410): Pin "HEX3[1]" is stuck at VCC File: C:/Users/Xpc/Documents/GitHub/gbolaos_ablanco_bfeng_digital_desing_lab_2025/Laboratorio_2/p1.sv Line: 4
    Warning (13410): Pin "HEX3[2]" is stuck at VCC File: C:/Users/Xpc/Documents/GitHub/gbolaos_ablanco_bfeng_digital_desing_lab_2025/Laboratorio_2/p1.sv Line: 4
    Warning (13410): Pin "HEX3[3]" is stuck at VCC File: C:/Users/Xpc/Documents/GitHub/gbolaos_ablanco_bfeng_digital_desing_lab_2025/Laboratorio_2/p1.sv Line: 4
    Warning (13410): Pin "HEX3[4]" is stuck at VCC File: C:/Users/Xpc/Documents/GitHub/gbolaos_ablanco_bfeng_digital_desing_lab_2025/Laboratorio_2/p1.sv Line: 4
    Warning (13410): Pin "HEX3[5]" is stuck at VCC File: C:/Users/Xpc/Documents/GitHub/gbolaos_ablanco_bfeng_digital_desing_lab_2025/Laboratorio_2/p1.sv Line: 4
    Warning (13410): Pin "HEX5[0]" is stuck at VCC File: C:/Users/Xpc/Documents/GitHub/gbolaos_ablanco_bfeng_digital_desing_lab_2025/Laboratorio_2/p1.sv Line: 4
    Warning (13410): Pin "HEX5[1]" is stuck at VCC File: C:/Users/Xpc/Documents/GitHub/gbolaos_ablanco_bfeng_digital_desing_lab_2025/Laboratorio_2/p1.sv Line: 4
    Warning (13410): Pin "HEX5[2]" is stuck at VCC File: C:/Users/Xpc/Documents/GitHub/gbolaos_ablanco_bfeng_digital_desing_lab_2025/Laboratorio_2/p1.sv Line: 4
    Warning (13410): Pin "HEX5[3]" is stuck at VCC File: C:/Users/Xpc/Documents/GitHub/gbolaos_ablanco_bfeng_digital_desing_lab_2025/Laboratorio_2/p1.sv Line: 4
    Warning (13410): Pin "HEX5[4]" is stuck at VCC File: C:/Users/Xpc/Documents/GitHub/gbolaos_ablanco_bfeng_digital_desing_lab_2025/Laboratorio_2/p1.sv Line: 4
    Warning (13410): Pin "HEX5[5]" is stuck at VCC File: C:/Users/Xpc/Documents/GitHub/gbolaos_ablanco_bfeng_digital_desing_lab_2025/Laboratorio_2/p1.sv Line: 4
Info (286030): Timing-Driven Synthesis is running
Info (16010): Generating hard_block partition "hard_block:auto_generated_inst"
    Info (16011): Adding 0 node(s), including 0 DDIO, 0 PLL, 0 transceiver and 0 LCELL
Info (21057): Implemented 444 device resources after synthesis - the final resource count might be different
    Info (21058): Implemented 12 input pins
    Info (21059): Implemented 50 output pins
    Info (21061): Implemented 381 logic cells
    Info (21062): Implemented 1 DSP elements
Info: Quartus Prime Analysis & Synthesis was successful. 0 errors, 26 warnings
    Info: Peak virtual memory: 4868 megabytes
    Info: Processing ended: Fri Mar 28 01:16:55 2025
    Info: Elapsed time: 00:00:12
    Info: Total CPU time (on all processors): 00:00:20


