------------------------------------------------------------
Timing Analyzer Summary
------------------------------------------------------------

Type  : Slow 1100mV 85C Model Setup 'clk'
Slack : -3.291
TNS   : -51.153

Type  : Slow 1100mV 85C Model Setup 'vga_pll:pll_inst|div[0]'
Slack : -3.199
TNS   : -83.176

Type  : Slow 1100mV 85C Model Hold 'clk'
Slack : 0.373
TNS   : 0.000

Type  : Slow 1100mV 85C Model Hold 'vga_pll:pll_inst|div[0]'
Slack : 0.731
TNS   : 0.000

Type  : Slow 1100mV 85C Model Minimum Pulse Width 'clk'
Slack : -0.394
TNS   : -17.990

Type  : Slow 1100mV 85C Model Minimum Pulse Width 'vga_pll:pll_inst|div[0]'
Slack : -0.394
TNS   : -14.219

Type  : Slow 1100mV 0C Model Setup 'vga_pll:pll_inst|div[0]'
Slack : -3.246
TNS   : -84.526

Type  : Slow 1100mV 0C Model Setup 'clk'
Slack : -3.138
TNS   : -49.196

Type  : Slow 1100mV 0C Model Hold 'clk'
Slack : 0.389
TNS   : 0.000

Type  : Slow 1100mV 0C Model Hold 'vga_pll:pll_inst|div[0]'
Slack : 0.695
TNS   : 0.000

Type  : Slow 1100mV 0C Model Minimum Pulse Width 'clk'
Slack : -0.394
TNS   : -19.305

Type  : Slow 1100mV 0C Model Minimum Pulse Width 'vga_pll:pll_inst|div[0]'
Slack : -0.394
TNS   : -14.073

Type  : Fast 1100mV 85C Model Setup 'clk'
Slack : -2.486
TNS   : -18.472

Type  : Fast 1100mV 85C Model Setup 'vga_pll:pll_inst|div[0]'
Slack : -1.435
TNS   : -36.445

Type  : Fast 1100mV 85C Model Hold 'clk'
Slack : 0.182
TNS   : 0.000

Type  : Fast 1100mV 85C Model Hold 'vga_pll:pll_inst|div[0]'
Slack : 0.376
TNS   : 0.000

Type  : Fast 1100mV 85C Model Minimum Pulse Width 'clk'
Slack : -0.344
TNS   : -3.200

Type  : Fast 1100mV 85C Model Minimum Pulse Width 'vga_pll:pll_inst|div[0]'
Slack : 0.092
TNS   : 0.000

Type  : Fast 1100mV 0C Model Setup 'clk'
Slack : -2.079
TNS   : -14.532

Type  : Fast 1100mV 0C Model Setup 'vga_pll:pll_inst|div[0]'
Slack : -1.339
TNS   : -33.867

Type  : Fast 1100mV 0C Model Hold 'clk'
Slack : 0.172
TNS   : 0.000

Type  : Fast 1100mV 0C Model Hold 'vga_pll:pll_inst|div[0]'
Slack : 0.336
TNS   : 0.000

Type  : Fast 1100mV 0C Model Minimum Pulse Width 'clk'
Slack : -0.342
TNS   : -3.177

Type  : Fast 1100mV 0C Model Minimum Pulse Width 'vga_pll:pll_inst|div[0]'
Slack : 0.110
TNS   : 0.000

------------------------------------------------------------
