Analysis & Synthesis report for conecta_4
Wed May  7 02:08:52 2025
Quartus Prime Version 22.1std.0 Build 915 10/25/2022 SC Lite Edition


---------------------
; Table of Contents ;
---------------------
  1. Legal Notice
  2. Analysis & Synthesis Summary
  3. Analysis & Synthesis Settings
  4. Parallel Compilation
  5. Analysis & Synthesis Source Files Read
  6. Analysis & Synthesis Resource Usage Summary
  7. Analysis & Synthesis Resource Utilization by Entity
  8. Analysis & Synthesis DSP Block Usage Summary
  9. State Machine - |Connect4_Top|estado_reg
 10. Registers Removed During Synthesis
 11. General Register Statistics
 12. Multiplexer Restructuring Statistics (Restructuring Performed)
 13. Parameter Settings for User Entity Instance: debounce:db_left
 14. Parameter Settings for User Entity Instance: debounce:db_right
 15. Parameter Settings for User Entity Instance: debounce:db_confirm
 16. Parameter Settings for User Entity Instance: VGA:vgaCont
 17. Parameter Settings for Inferred Entity Instance: videoGen:gameBoardDrawer|lpm_divide:Div1
 18. Parameter Settings for Inferred Entity Instance: videoGen:gameBoardDrawer|lpm_divide:Div0
 19. Port Connectivity Checks: "videoGen:gameBoardDrawer"
 20. Port Connectivity Checks: "conecta_4:game_inst"
 21. Port Connectivity Checks: "vga_pll:pll_inst"
 22. Post-Synthesis Netlist Statistics for Top Partition
 23. Elapsed Time Per Partition
 24. Analysis & Synthesis Messages
 25. Analysis & Synthesis Suppressed Messages



----------------
; Legal Notice ;
----------------
Copyright (C) 2022  Intel Corporation. All rights reserved.
Your use of Intel Corporation's design tools, logic functions 
and other software and tools, and any partner logic 
functions, and any output files from any of the foregoing 
(including device programming or simulation files), and any 
associated documentation or information are expressly subject 
to the terms and conditions of the Intel Program License 
Subscription Agreement, the Intel Quartus Prime License Agreement,
the Intel FPGA IP License Agreement, or other applicable license
agreement, including, without limitation, that your use is for
the sole purpose of programming logic devices manufactured by
Intel and sold by Intel or its authorized distributors.  Please
refer to the applicable agreement for further details, at
https://fpgasoftware.intel.com/eula.



+----------------------------------------------------------------------------------+
; Analysis & Synthesis Summary                                                     ;
+---------------------------------+------------------------------------------------+
; Analysis & Synthesis Status     ; Successful - Wed May  7 02:08:52 2025          ;
; Quartus Prime Version           ; 22.1std.0 Build 915 10/25/2022 SC Lite Edition ;
; Revision Name                   ; conecta_4                                      ;
; Top-level Entity Name           ; Connect4_Top                                   ;
; Family                          ; Cyclone V                                      ;
; Logic utilization (in ALMs)     ; N/A                                            ;
; Total registers                 ; 255                                            ;
; Total pins                      ; 50                                             ;
; Total virtual pins              ; 0                                              ;
; Total block memory bits         ; 0                                              ;
; Total DSP Blocks                ; 8                                              ;
; Total HSSI RX PCSs              ; 0                                              ;
; Total HSSI PMA RX Deserializers ; 0                                              ;
; Total HSSI TX PCSs              ; 0                                              ;
; Total HSSI PMA TX Serializers   ; 0                                              ;
; Total PLLs                      ; 0                                              ;
; Total DLLs                      ; 0                                              ;
+---------------------------------+------------------------------------------------+


+---------------------------------------------------------------------------------------------------------------------------+
; Analysis & Synthesis Settings                                                                                             ;
+---------------------------------------------------------------------------------+--------------------+--------------------+
; Option                                                                          ; Setting            ; Default Value      ;
+---------------------------------------------------------------------------------+--------------------+--------------------+
; Device                                                                          ; 5CSXFC6D6F31C6     ;                    ;
; Top-level entity name                                                           ; Connect4_Top       ; conecta_4          ;
; Family name                                                                     ; Cyclone V          ; Cyclone V          ;
; Use smart compilation                                                           ; Off                ; Off                ;
; Enable parallel Assembler and Timing Analyzer during compilation                ; On                 ; On                 ;
; Enable compact report table                                                     ; Off                ; Off                ;
; Restructure Multiplexers                                                        ; Auto               ; Auto               ;
; MLAB Add Timing Constraints For Mixed-Port Feed-Through Mode Setting Don't Care ; Off                ; Off                ;
; Create Debugging Nodes for IP Cores                                             ; Off                ; Off                ;
; Preserve fewer node names                                                       ; On                 ; On                 ;
; Intel FPGA IP Evaluation Mode                                                   ; Enable             ; Enable             ;
; Verilog Version                                                                 ; Verilog_2001       ; Verilog_2001       ;
; VHDL Version                                                                    ; VHDL_1993          ; VHDL_1993          ;
; State Machine Processing                                                        ; Auto               ; Auto               ;
; Safe State Machine                                                              ; Off                ; Off                ;
; Extract Verilog State Machines                                                  ; On                 ; On                 ;
; Extract VHDL State Machines                                                     ; On                 ; On                 ;
; Ignore Verilog initial constructs                                               ; Off                ; Off                ;
; Iteration limit for constant Verilog loops                                      ; 5000               ; 5000               ;
; Iteration limit for non-constant Verilog loops                                  ; 250                ; 250                ;
; Add Pass-Through Logic to Inferred RAMs                                         ; On                 ; On                 ;
; Infer RAMs from Raw Logic                                                       ; On                 ; On                 ;
; Parallel Synthesis                                                              ; On                 ; On                 ;
; DSP Block Balancing                                                             ; Auto               ; Auto               ;
; NOT Gate Push-Back                                                              ; On                 ; On                 ;
; Power-Up Don't Care                                                             ; On                 ; On                 ;
; Remove Redundant Logic Cells                                                    ; Off                ; Off                ;
; Remove Duplicate Registers                                                      ; On                 ; On                 ;
; Ignore CARRY Buffers                                                            ; Off                ; Off                ;
; Ignore CASCADE Buffers                                                          ; Off                ; Off                ;
; Ignore GLOBAL Buffers                                                           ; Off                ; Off                ;
; Ignore ROW GLOBAL Buffers                                                       ; Off                ; Off                ;
; Ignore LCELL Buffers                                                            ; Off                ; Off                ;
; Ignore SOFT Buffers                                                             ; On                 ; On                 ;
; Limit AHDL Integers to 32 Bits                                                  ; Off                ; Off                ;
; Optimization Technique                                                          ; Balanced           ; Balanced           ;
; Carry Chain Length                                                              ; 70                 ; 70                 ;
; Auto Carry Chains                                                               ; On                 ; On                 ;
; Auto Open-Drain Pins                                                            ; On                 ; On                 ;
; Perform WYSIWYG Primitive Resynthesis                                           ; Off                ; Off                ;
; Auto ROM Replacement                                                            ; On                 ; On                 ;
; Auto RAM Replacement                                                            ; On                 ; On                 ;
; Auto DSP Block Replacement                                                      ; On                 ; On                 ;
; Auto Shift Register Replacement                                                 ; Auto               ; Auto               ;
; Allow Shift Register Merging across Hierarchies                                 ; Auto               ; Auto               ;
; Auto Clock Enable Replacement                                                   ; On                 ; On                 ;
; Strict RAM Replacement                                                          ; Off                ; Off                ;
; Allow Synchronous Control Signals                                               ; On                 ; On                 ;
; Force Use of Synchronous Clear Signals                                          ; Off                ; Off                ;
; Auto Resource Sharing                                                           ; Off                ; Off                ;
; Allow Any RAM Size For Recognition                                              ; Off                ; Off                ;
; Allow Any ROM Size For Recognition                                              ; Off                ; Off                ;
; Allow Any Shift Register Size For Recognition                                   ; Off                ; Off                ;
; Use LogicLock Constraints during Resource Balancing                             ; On                 ; On                 ;
; Ignore translate_off and synthesis_off directives                               ; Off                ; Off                ;
; Timing-Driven Synthesis                                                         ; On                 ; On                 ;
; Report Parameter Settings                                                       ; On                 ; On                 ;
; Report Source Assignments                                                       ; On                 ; On                 ;
; Report Connectivity Checks                                                      ; On                 ; On                 ;
; Ignore Maximum Fan-Out Assignments                                              ; Off                ; Off                ;
; Synchronization Register Chain Length                                           ; 3                  ; 3                  ;
; Power Optimization During Synthesis                                             ; Normal compilation ; Normal compilation ;
; HDL message level                                                               ; Level2             ; Level2             ;
; Suppress Register Optimization Related Messages                                 ; Off                ; Off                ;
; Number of Removed Registers Reported in Synthesis Report                        ; 5000               ; 5000               ;
; Number of Swept Nodes Reported in Synthesis Report                              ; 5000               ; 5000               ;
; Number of Inverted Registers Reported in Synthesis Report                       ; 100                ; 100                ;
; Clock MUX Protection                                                            ; On                 ; On                 ;
; Auto Gated Clock Conversion                                                     ; Off                ; Off                ;
; Block Design Naming                                                             ; Auto               ; Auto               ;
; SDC constraint protection                                                       ; Off                ; Off                ;
; Synthesis Effort                                                                ; Auto               ; Auto               ;
; Shift Register Replacement - Allow Asynchronous Clear Signal                    ; On                 ; On                 ;
; Pre-Mapping Resynthesis Optimization                                            ; Off                ; Off                ;
; Analysis & Synthesis Message Level                                              ; Medium             ; Medium             ;
; Disable Register Merging Across Hierarchies                                     ; Auto               ; Auto               ;
; Resource Aware Inference For Block RAM                                          ; On                 ; On                 ;
; Automatic Parallel Synthesis                                                    ; On                 ; On                 ;
; Partial Reconfiguration Bitstream ID                                            ; Off                ; Off                ;
+---------------------------------------------------------------------------------+--------------------+--------------------+


+------------------------------------------+
; Parallel Compilation                     ;
+----------------------------+-------------+
; Processors                 ; Number      ;
+----------------------------+-------------+
; Number detected on machine ; 16          ;
; Maximum allowed            ; 16          ;
;                            ;             ;
; Average used               ; 1.00        ;
; Maximum used               ; 16          ;
;                            ;             ;
; Usage by Processor         ; % Time Used ;
;     Processor 1            ; 100.0%      ;
;     Processor 2            ;   0.0%      ;
;     Processor 3            ;   0.0%      ;
;     Processor 4            ;   0.0%      ;
;     Processor 5            ;   0.0%      ;
;     Processor 6            ;   0.0%      ;
;     Processor 7            ;   0.0%      ;
;     Processor 8            ;   0.0%      ;
;     Processors 9-16        ;   0.0%      ;
+----------------------------+-------------+


+--------------------------------------------------------------------------------------------------------------------------------------------------------------------------------------------------------------------+
; Analysis & Synthesis Source Files Read                                                                                                                                                                             ;
+----------------------------------+-----------------+------------------------------+----------------------------------------------------------------------------------------------------------------------+---------+
; File Name with User-Entered Path ; Used in Netlist ; File Type                    ; File Name with Absolute Path                                                                                         ; Library ;
+----------------------------------+-----------------+------------------------------+----------------------------------------------------------------------------------------------------------------------+---------+
; conecta_4.sv                     ; yes             ; User SystemVerilog HDL File  ; C:/Users/Xpc/Documents/GitHub/gbolaos_ablanco_bfeng_digital_desing_lab_2025/Laboratorio_3/conecta_4.sv               ;         ;
; videoGen.sv                      ; yes             ; User SystemVerilog HDL File  ; C:/Users/Xpc/Documents/GitHub/gbolaos_ablanco_bfeng_digital_desing_lab_2025/Laboratorio_3/videoGen.sv                ;         ;
; VGA.sv                           ; yes             ; User SystemVerilog HDL File  ; C:/Users/Xpc/Documents/GitHub/gbolaos_ablanco_bfeng_digital_desing_lab_2025/Laboratorio_3/VGA.sv                     ;         ;
; Connect4_Top.sv                  ; yes             ; User SystemVerilog HDL File  ; C:/Users/Xpc/Documents/GitHub/gbolaos_ablanco_bfeng_digital_desing_lab_2025/Laboratorio_3/Connect4_Top.sv            ;         ;
; startScreen.sv                   ; yes             ; User SystemVerilog HDL File  ; C:/Users/Xpc/Documents/GitHub/gbolaos_ablanco_bfeng_digital_desing_lab_2025/Laboratorio_3/startScreen.sv             ;         ;
; vga_pll.sv                       ; yes             ; User SystemVerilog HDL File  ; C:/Users/Xpc/Documents/GitHub/gbolaos_ablanco_bfeng_digital_desing_lab_2025/Laboratorio_3/vga_pll.sv                 ;         ;
; debounce.sv                      ; yes             ; User SystemVerilog HDL File  ; C:/Users/Xpc/Documents/GitHub/gbolaos_ablanco_bfeng_digital_desing_lab_2025/Laboratorio_3/debounce.sv                ;         ;
; lpm_divide.tdf                   ; yes             ; Megafunction                 ; c:/intelfpga_lite/22.1std/quartus/libraries/megafunctions/lpm_divide.tdf                                             ;         ;
; abs_divider.inc                  ; yes             ; Megafunction                 ; c:/intelfpga_lite/22.1std/quartus/libraries/megafunctions/abs_divider.inc                                            ;         ;
; sign_div_unsign.inc              ; yes             ; Megafunction                 ; c:/intelfpga_lite/22.1std/quartus/libraries/megafunctions/sign_div_unsign.inc                                        ;         ;
; aglobal221.inc                   ; yes             ; Megafunction                 ; c:/intelfpga_lite/22.1std/quartus/libraries/megafunctions/aglobal221.inc                                             ;         ;
; db/lpm_divide_hbm.tdf            ; yes             ; Auto-Generated Megafunction  ; C:/Users/Xpc/Documents/GitHub/gbolaos_ablanco_bfeng_digital_desing_lab_2025/Laboratorio_3/db/lpm_divide_hbm.tdf      ;         ;
; db/sign_div_unsign_nlh.tdf       ; yes             ; Auto-Generated Megafunction  ; C:/Users/Xpc/Documents/GitHub/gbolaos_ablanco_bfeng_digital_desing_lab_2025/Laboratorio_3/db/sign_div_unsign_nlh.tdf ;         ;
; db/alt_u_div_kve.tdf             ; yes             ; Auto-Generated Megafunction  ; C:/Users/Xpc/Documents/GitHub/gbolaos_ablanco_bfeng_digital_desing_lab_2025/Laboratorio_3/db/alt_u_div_kve.tdf       ;         ;
+----------------------------------+-----------------+------------------------------+----------------------------------------------------------------------------------------------------------------------+---------+


+---------------------------------------------------------+
; Analysis & Synthesis Resource Usage Summary             ;
+---------------------------------------------+-----------+
; Resource                                    ; Usage     ;
+---------------------------------------------+-----------+
; Estimate of Logic utilization (ALMs needed) ; 767       ;
;                                             ;           ;
; Combinational ALUT usage for logic          ; 1297      ;
;     -- 7 input functions                    ; 20        ;
;     -- 6 input functions                    ; 210       ;
;     -- 5 input functions                    ; 181       ;
;     -- 4 input functions                    ; 128       ;
;     -- <=3 input functions                  ; 758       ;
;                                             ;           ;
; Dedicated logic registers                   ; 255       ;
;                                             ;           ;
; I/O pins                                    ; 50        ;
;                                             ;           ;
; Total DSP Blocks                            ; 8         ;
;                                             ;           ;
; Maximum fan-out node                        ; clk~input ;
; Maximum fan-out                             ; 235       ;
; Total fan-out                               ; 5622      ;
; Average fan-out                             ; 3.39      ;
+---------------------------------------------+-----------+


+----------------------------------------------------------------------------------------------------------------------------------------------------------------------------------------------------------------------------------------------------------------------------------------------------------------------------------+
; Analysis & Synthesis Resource Utilization by Entity                                                                                                                                                                                                                                                                              ;
+-------------------------------------------+---------------------+---------------------------+-------------------+------------+------+--------------+----------------------------------------------------------------------------------------------------------------------------------------+---------------------+--------------+
; Compilation Hierarchy Node                ; Combinational ALUTs ; Dedicated Logic Registers ; Block Memory Bits ; DSP Blocks ; Pins ; Virtual Pins ; Full Hierarchy Name                                                                                                                    ; Entity Name         ; Library Name ;
+-------------------------------------------+---------------------+---------------------------+-------------------+------------+------+--------------+----------------------------------------------------------------------------------------------------------------------------------------+---------------------+--------------+
; |Connect4_Top                             ; 1297 (34)           ; 255 (7)                   ; 0                 ; 8          ; 50   ; 0            ; |Connect4_Top                                                                                                                          ; Connect4_Top        ; work         ;
;    |VGA:vgaCont|                          ; 29 (29)             ; 20 (20)                   ; 0                 ; 0          ; 0    ; 0            ; |Connect4_Top|VGA:vgaCont                                                                                                              ; VGA                 ; work         ;
;    |conecta_4:game_inst|                  ; 453 (453)           ; 122 (122)                 ; 0                 ; 0          ; 0    ; 0            ; |Connect4_Top|conecta_4:game_inst                                                                                                      ; conecta_4           ; work         ;
;    |debounce:db_confirm|                  ; 41 (41)             ; 35 (35)                   ; 0                 ; 0          ; 0    ; 0            ; |Connect4_Top|debounce:db_confirm                                                                                                      ; debounce            ; work         ;
;    |debounce:db_left|                     ; 41 (41)             ; 35 (35)                   ; 0                 ; 0          ; 0    ; 0            ; |Connect4_Top|debounce:db_left                                                                                                         ; debounce            ; work         ;
;    |debounce:db_right|                    ; 41 (41)             ; 35 (35)                   ; 0                 ; 0          ; 0    ; 0            ; |Connect4_Top|debounce:db_right                                                                                                        ; debounce            ; work         ;
;    |startScreen:start|                    ; 4 (4)               ; 0 (0)                     ; 0                 ; 0          ; 0    ; 0            ; |Connect4_Top|startScreen:start                                                                                                        ; startScreen         ; work         ;
;    |vga_pll:pll_inst|                     ; 1 (1)               ; 1 (1)                     ; 0                 ; 0          ; 0    ; 0            ; |Connect4_Top|vga_pll:pll_inst                                                                                                         ; vga_pll             ; work         ;
;    |videoGen:gameBoardDrawer|             ; 653 (491)           ; 0 (0)                     ; 0                 ; 8          ; 0    ; 0            ; |Connect4_Top|videoGen:gameBoardDrawer                                                                                                 ; videoGen            ; work         ;
;       |lpm_divide:Div0|                   ; 81 (0)              ; 0 (0)                     ; 0                 ; 0          ; 0    ; 0            ; |Connect4_Top|videoGen:gameBoardDrawer|lpm_divide:Div0                                                                                 ; lpm_divide          ; work         ;
;          |lpm_divide_hbm:auto_generated|  ; 81 (0)              ; 0 (0)                     ; 0                 ; 0          ; 0    ; 0            ; |Connect4_Top|videoGen:gameBoardDrawer|lpm_divide:Div0|lpm_divide_hbm:auto_generated                                                   ; lpm_divide_hbm      ; work         ;
;             |sign_div_unsign_nlh:divider| ; 81 (0)              ; 0 (0)                     ; 0                 ; 0          ; 0    ; 0            ; |Connect4_Top|videoGen:gameBoardDrawer|lpm_divide:Div0|lpm_divide_hbm:auto_generated|sign_div_unsign_nlh:divider                       ; sign_div_unsign_nlh ; work         ;
;                |alt_u_div_kve:divider|    ; 81 (81)             ; 0 (0)                     ; 0                 ; 0          ; 0    ; 0            ; |Connect4_Top|videoGen:gameBoardDrawer|lpm_divide:Div0|lpm_divide_hbm:auto_generated|sign_div_unsign_nlh:divider|alt_u_div_kve:divider ; alt_u_div_kve       ; work         ;
;       |lpm_divide:Div1|                   ; 81 (0)              ; 0 (0)                     ; 0                 ; 0          ; 0    ; 0            ; |Connect4_Top|videoGen:gameBoardDrawer|lpm_divide:Div1                                                                                 ; lpm_divide          ; work         ;
;          |lpm_divide_hbm:auto_generated|  ; 81 (0)              ; 0 (0)                     ; 0                 ; 0          ; 0    ; 0            ; |Connect4_Top|videoGen:gameBoardDrawer|lpm_divide:Div1|lpm_divide_hbm:auto_generated                                                   ; lpm_divide_hbm      ; work         ;
;             |sign_div_unsign_nlh:divider| ; 81 (0)              ; 0 (0)                     ; 0                 ; 0          ; 0    ; 0            ; |Connect4_Top|videoGen:gameBoardDrawer|lpm_divide:Div1|lpm_divide_hbm:auto_generated|sign_div_unsign_nlh:divider                       ; sign_div_unsign_nlh ; work         ;
;                |alt_u_div_kve:divider|    ; 81 (81)             ; 0 (0)                     ; 0                 ; 0          ; 0    ; 0            ; |Connect4_Top|videoGen:gameBoardDrawer|lpm_divide:Div1|lpm_divide_hbm:auto_generated|sign_div_unsign_nlh:divider|alt_u_div_kve:divider ; alt_u_div_kve       ; work         ;
+-------------------------------------------+---------------------+---------------------------+-------------------+------------+------+--------------+----------------------------------------------------------------------------------------------------------------------------------------+---------------------+--------------+
Note: For table entries with two numbers listed, the numbers in parentheses indicate the number of resources of the given type used by the specific entity alone. The numbers listed outside of parentheses indicate the total resources of the given type used by the specific entity and all of its sub-entities in the hierarchy.


+-----------------------------------------------+
; Analysis & Synthesis DSP Block Usage Summary  ;
+---------------------------------+-------------+
; Statistic                       ; Number Used ;
+---------------------------------+-------------+
; Independent 9x9                 ; 3           ;
; Two Independent 18x18           ; 5           ;
; Total number of DSP blocks      ; 8           ;
;                                 ;             ;
; Fixed Point Unsigned Multiplier ; 8           ;
+---------------------------------+-------------+


Encoding Type:  One-Hot
+-----------------------------------------------------------------------------------------------------------------+
; State Machine - |Connect4_Top|estado_reg                                                                        ;
+----------------------+---------------------+----------------------+----------------------+----------------------+
; Name                 ; estado_reg.P_INICIO ; estado_reg.GAME_OVER ; estado_reg.JUGADA_P2 ; estado_reg.JUGADA_P1 ;
+----------------------+---------------------+----------------------+----------------------+----------------------+
; estado_reg.P_INICIO  ; 0                   ; 0                    ; 0                    ; 0                    ;
; estado_reg.JUGADA_P1 ; 1                   ; 0                    ; 0                    ; 1                    ;
; estado_reg.JUGADA_P2 ; 1                   ; 0                    ; 1                    ; 0                    ;
; estado_reg.GAME_OVER ; 1                   ; 1                    ; 0                    ; 0                    ;
+----------------------+---------------------+----------------------+----------------------+----------------------+


+------------------------------------------------------------+
; Registers Removed During Synthesis                         ;
+---------------------------------------+--------------------+
; Register name                         ; Reason for Removal ;
+---------------------------------------+--------------------+
; estado_reg~6                          ; Lost fanout        ;
; Total Number of Removed Registers = 1 ;                    ;
+---------------------------------------+--------------------+


+------------------------------------------------------+
; General Register Statistics                          ;
+----------------------------------------------+-------+
; Statistic                                    ; Value ;
+----------------------------------------------+-------+
; Total registers                              ; 255   ;
; Number of registers using Synchronous Clear  ; 116   ;
; Number of registers using Synchronous Load   ; 0     ;
; Number of registers using Asynchronous Clear ; 228   ;
; Number of registers using Asynchronous Load  ; 0     ;
; Number of registers using Clock Enable       ; 120   ;
; Number of registers using Preset             ; 0     ;
+----------------------------------------------+-------+


+-------------------------------------------------------------------------------------------------------------------------------------------------------------+
; Multiplexer Restructuring Statistics (Restructuring Performed)                                                                                              ;
+--------------------+-----------+---------------+----------------------+------------------------+------------+-----------------------------------------------+
; Multiplexer Inputs ; Bus Width ; Baseline Area ; Area if Restructured ; Saving if Restructured ; Registered ; Example Multiplexer Output                    ;
+--------------------+-----------+---------------+----------------------+------------------------+------------+-----------------------------------------------+
; 3:1                ; 2 bits    ; 4 LEs         ; 2 LEs                ; 2 LEs                  ; Yes        ; |Connect4_Top|selected_col_reg[2]             ;
; 3:1                ; 32 bits   ; 64 LEs        ; 0 LEs                ; 64 LEs                 ; Yes        ; |Connect4_Top|debounce:db_confirm|counter[10] ;
; 3:1                ; 32 bits   ; 64 LEs        ; 0 LEs                ; 64 LEs                 ; Yes        ; |Connect4_Top|debounce:db_right|counter[0]    ;
; 3:1                ; 32 bits   ; 64 LEs        ; 0 LEs                ; 64 LEs                 ; Yes        ; |Connect4_Top|debounce:db_left|counter[23]    ;
; 4:1                ; 4 bits    ; 8 LEs         ; 8 LEs                ; 0 LEs                  ; No         ; |Connect4_Top|conecta_4:game_inst|Mux53       ;
; 4:1                ; 12 bits   ; 24 LEs        ; 24 LEs               ; 0 LEs                  ; No         ; |Connect4_Top|conecta_4:game_inst|Mux14       ;
; 4:1                ; 12 bits   ; 24 LEs        ; 24 LEs               ; 0 LEs                  ; No         ; |Connect4_Top|conecta_4:game_inst|Mux71       ;
; 4:1                ; 12 bits   ; 24 LEs        ; 24 LEs               ; 0 LEs                  ; No         ; |Connect4_Top|conecta_4:game_inst|Mux70       ;
; 4:1                ; 24 bits   ; 48 LEs        ; 48 LEs               ; 0 LEs                  ; No         ; |Connect4_Top|conecta_4:game_inst|Mux73       ;
; 4:1                ; 4 bits    ; 8 LEs         ; 8 LEs                ; 0 LEs                  ; No         ; |Connect4_Top|conecta_4:game_inst|Mux16       ;
; 3:1                ; 2 bits    ; 4 LEs         ; 4 LEs                ; 0 LEs                  ; No         ; |Connect4_Top|conecta_4:game_inst|Mux16       ;
; 3:1                ; 2 bits    ; 4 LEs         ; 4 LEs                ; 0 LEs                  ; No         ; |Connect4_Top|conecta_4:game_inst|Mux25       ;
; 3:1                ; 2 bits    ; 4 LEs         ; 4 LEs                ; 0 LEs                  ; No         ; |Connect4_Top|conecta_4:game_inst|Mux19       ;
; 3:1                ; 2 bits    ; 4 LEs         ; 4 LEs                ; 0 LEs                  ; No         ; |Connect4_Top|conecta_4:game_inst|Mux21       ;
; 3:1                ; 2 bits    ; 4 LEs         ; 4 LEs                ; 0 LEs                  ; No         ; |Connect4_Top|conecta_4:game_inst|count       ;
; 4:1                ; 6 bits    ; 12 LEs        ; 12 LEs               ; 0 LEs                  ; No         ; |Connect4_Top|conecta_4:game_inst|Mux109      ;
; 4:1                ; 6 bits    ; 12 LEs        ; 12 LEs               ; 0 LEs                  ; No         ; |Connect4_Top|conecta_4:game_inst|Mux39       ;
; 4:1                ; 6 bits    ; 12 LEs        ; 12 LEs               ; 0 LEs                  ; No         ; |Connect4_Top|conecta_4:game_inst|Mux82       ;
; 4:1                ; 6 bits    ; 12 LEs        ; 12 LEs               ; 0 LEs                  ; No         ; |Connect4_Top|conecta_4:game_inst|Mux67       ;
; 4:1                ; 2 bits    ; 4 LEs         ; 4 LEs                ; 0 LEs                  ; No         ; |Connect4_Top|b                               ;
; 8:1                ; 3 bits    ; 15 LEs        ; 15 LEs               ; 0 LEs                  ; No         ; |Connect4_Top|conecta_4:game_inst|Mux1        ;
; 4:1                ; 2 bits    ; 4 LEs         ; 4 LEs                ; 0 LEs                  ; No         ; |Connect4_Top|conecta_4:game_inst|count       ;
; 4:1                ; 2 bits    ; 4 LEs         ; 4 LEs                ; 0 LEs                  ; No         ; |Connect4_Top|conecta_4:game_inst|count       ;
; 4:1                ; 2 bits    ; 4 LEs         ; 4 LEs                ; 0 LEs                  ; No         ; |Connect4_Top|conecta_4:game_inst|count       ;
; 5:1                ; 4 bits    ; 12 LEs        ; 12 LEs               ; 0 LEs                  ; No         ; |Connect4_Top|conecta_4:game_inst|Mux113      ;
; 5:1                ; 4 bits    ; 12 LEs        ; 12 LEs               ; 0 LEs                  ; No         ; |Connect4_Top|conecta_4:game_inst|Mux126      ;
; 6:1                ; 4 bits    ; 16 LEs        ; 12 LEs               ; 4 LEs                  ; No         ; |Connect4_Top|conecta_4:game_inst|Mux111      ;
; 6:1                ; 4 bits    ; 16 LEs        ; 12 LEs               ; 4 LEs                  ; No         ; |Connect4_Top|conecta_4:game_inst|Mux127      ;
; 6:1                ; 4 bits    ; 16 LEs        ; 12 LEs               ; 4 LEs                  ; No         ; |Connect4_Top|conecta_4:game_inst|Mux115      ;
; 6:1                ; 4 bits    ; 16 LEs        ; 12 LEs               ; 4 LEs                  ; No         ; |Connect4_Top|conecta_4:game_inst|Mux117      ;
; 5:1                ; 6 bits    ; 18 LEs        ; 18 LEs               ; 0 LEs                  ; No         ; |Connect4_Top|g                               ;
; 7:1                ; 2 bits    ; 8 LEs         ; 8 LEs                ; 0 LEs                  ; No         ; |Connect4_Top|conecta_4:game_inst|Mux23       ;
; 7:1                ; 2 bits    ; 8 LEs         ; 8 LEs                ; 0 LEs                  ; No         ; |Connect4_Top|conecta_4:game_inst|Mux18       ;
; 64:1               ; 2 bits    ; 84 LEs        ; 60 LEs               ; 24 LEs                 ; No         ; |Connect4_Top|videoGen:gameBoardDrawer|Mux0   ;
; 13:1               ; 2 bits    ; 16 LEs        ; 12 LEs               ; 4 LEs                  ; No         ; |Connect4_Top|conecta_4:game_inst|Mux109      ;
; 13:1               ; 2 bits    ; 16 LEs        ; 12 LEs               ; 4 LEs                  ; No         ; |Connect4_Top|conecta_4:game_inst|Mux39       ;
; 13:1               ; 2 bits    ; 16 LEs        ; 12 LEs               ; 4 LEs                  ; No         ; |Connect4_Top|conecta_4:game_inst|Mux82       ;
; 13:1               ; 2 bits    ; 16 LEs        ; 12 LEs               ; 4 LEs                  ; No         ; |Connect4_Top|conecta_4:game_inst|Mux68       ;
; 10:1               ; 6 bits    ; 36 LEs        ; 36 LEs               ; 0 LEs                  ; No         ; |Connect4_Top|conecta_4:game_inst|Mux96       ;
; 10:1               ; 6 bits    ; 36 LEs        ; 36 LEs               ; 0 LEs                  ; No         ; |Connect4_Top|conecta_4:game_inst|Mux53       ;
+--------------------+-----------+---------------+----------------------+------------------------+------------+-----------------------------------------------+


+---------------------------------------------------------------+
; Parameter Settings for User Entity Instance: debounce:db_left ;
+----------------+----------+-----------------------------------+
; Parameter Name ; Value    ; Type                              ;
+----------------+----------+-----------------------------------+
; CLK_FREQ_HZ    ; 50000000 ; Signed Integer                    ;
; DEBOUNCE_MS    ; 20       ; Signed Integer                    ;
+----------------+----------+-----------------------------------+
Note: In order to hide this table in the UI and the text report file, please set the "Show Parameter Settings in Synthesis Report" option in "Analysis and Synthesis Settings -> More Settings" to "Off".


+----------------------------------------------------------------+
; Parameter Settings for User Entity Instance: debounce:db_right ;
+----------------+----------+------------------------------------+
; Parameter Name ; Value    ; Type                               ;
+----------------+----------+------------------------------------+
; CLK_FREQ_HZ    ; 50000000 ; Signed Integer                     ;
; DEBOUNCE_MS    ; 20       ; Signed Integer                     ;
+----------------+----------+------------------------------------+
Note: In order to hide this table in the UI and the text report file, please set the "Show Parameter Settings in Synthesis Report" option in "Analysis and Synthesis Settings -> More Settings" to "Off".


+------------------------------------------------------------------+
; Parameter Settings for User Entity Instance: debounce:db_confirm ;
+----------------+----------+--------------------------------------+
; Parameter Name ; Value    ; Type                                 ;
+----------------+----------+--------------------------------------+
; CLK_FREQ_HZ    ; 50000000 ; Signed Integer                       ;
; DEBOUNCE_MS    ; 20       ; Signed Integer                       ;
+----------------+----------+--------------------------------------+
Note: In order to hide this table in the UI and the text report file, please set the "Show Parameter Settings in Synthesis Report" option in "Analysis and Synthesis Settings -> More Settings" to "Off".


+----------------------------------------------------------+
; Parameter Settings for User Entity Instance: VGA:vgaCont ;
+----------------+------------+----------------------------+
; Parameter Name ; Value      ; Type                       ;
+----------------+------------+----------------------------+
; HActive        ; 1010000000 ; Unsigned Binary            ;
; HFP            ; 0000010000 ; Unsigned Binary            ;
; HSync          ; 0001100000 ; Unsigned Binary            ;
; HBP            ; 0000110000 ; Unsigned Binary            ;
; HMax           ; 1100100000 ; Unsigned Binary            ;
; VBP            ; 0000100001 ; Unsigned Binary            ;
; VActive        ; 0111100000 ; Unsigned Binary            ;
; VFP            ; 0000001010 ; Unsigned Binary            ;
; VSync          ; 0000000010 ; Unsigned Binary            ;
; VMax           ; 1000001101 ; Unsigned Binary            ;
+----------------+------------+----------------------------+
Note: In order to hide this table in the UI and the text report file, please set the "Show Parameter Settings in Synthesis Report" option in "Analysis and Synthesis Settings -> More Settings" to "Off".


+-------------------------------------------------------------------------------------------+
; Parameter Settings for Inferred Entity Instance: videoGen:gameBoardDrawer|lpm_divide:Div1 ;
+------------------------+----------------+-------------------------------------------------+
; Parameter Name         ; Value          ; Type                                            ;
+------------------------+----------------+-------------------------------------------------+
; LPM_WIDTHN             ; 11             ; Untyped                                         ;
; LPM_WIDTHD             ; 6              ; Untyped                                         ;
; LPM_NREPRESENTATION    ; UNSIGNED       ; Untyped                                         ;
; LPM_DREPRESENTATION    ; UNSIGNED       ; Untyped                                         ;
; LPM_PIPELINE           ; 0              ; Untyped                                         ;
; LPM_REMAINDERPOSITIVE  ; TRUE           ; Untyped                                         ;
; MAXIMIZE_SPEED         ; 5              ; Untyped                                         ;
; CBXI_PARAMETER         ; lpm_divide_hbm ; Untyped                                         ;
; CARRY_CHAIN            ; MANUAL         ; Untyped                                         ;
; OPTIMIZE_FOR_SPEED     ; 5              ; Untyped                                         ;
; AUTO_CARRY_CHAINS      ; ON             ; AUTO_CARRY                                      ;
; IGNORE_CARRY_BUFFERS   ; OFF            ; IGNORE_CARRY                                    ;
; AUTO_CASCADE_CHAINS    ; ON             ; AUTO_CASCADE                                    ;
; IGNORE_CASCADE_BUFFERS ; OFF            ; IGNORE_CASCADE                                  ;
+------------------------+----------------+-------------------------------------------------+
Note: In order to hide this table in the UI and the text report file, please set the "Show Parameter Settings in Synthesis Report" option in "Analysis and Synthesis Settings -> More Settings" to "Off".


+-------------------------------------------------------------------------------------------+
; Parameter Settings for Inferred Entity Instance: videoGen:gameBoardDrawer|lpm_divide:Div0 ;
+------------------------+----------------+-------------------------------------------------+
; Parameter Name         ; Value          ; Type                                            ;
+------------------------+----------------+-------------------------------------------------+
; LPM_WIDTHN             ; 11             ; Untyped                                         ;
; LPM_WIDTHD             ; 6              ; Untyped                                         ;
; LPM_NREPRESENTATION    ; UNSIGNED       ; Untyped                                         ;
; LPM_DREPRESENTATION    ; UNSIGNED       ; Untyped                                         ;
; LPM_PIPELINE           ; 0              ; Untyped                                         ;
; LPM_REMAINDERPOSITIVE  ; TRUE           ; Untyped                                         ;
; MAXIMIZE_SPEED         ; 5              ; Untyped                                         ;
; CBXI_PARAMETER         ; lpm_divide_hbm ; Untyped                                         ;
; CARRY_CHAIN            ; MANUAL         ; Untyped                                         ;
; OPTIMIZE_FOR_SPEED     ; 5              ; Untyped                                         ;
; AUTO_CARRY_CHAINS      ; ON             ; AUTO_CARRY                                      ;
; IGNORE_CARRY_BUFFERS   ; OFF            ; IGNORE_CARRY                                    ;
; AUTO_CASCADE_CHAINS    ; ON             ; AUTO_CASCADE                                    ;
; IGNORE_CASCADE_BUFFERS ; OFF            ; IGNORE_CASCADE                                  ;
+------------------------+----------------+-------------------------------------------------+
Note: In order to hide this table in the UI and the text report file, please set the "Show Parameter Settings in Synthesis Report" option in "Analysis and Synthesis Settings -> More Settings" to "Off".


+------------------------------------------------------+
; Port Connectivity Checks: "videoGen:gameBoardDrawer" ;
+------------------+-------+----------+----------------+
; Port             ; Type  ; Severity ; Details        ;
+------------------+-------+----------+----------------+
; current_state[2] ; Input ; Info     ; Stuck at GND   ;
+------------------+-------+----------+----------------+


+------------------------------------------------------------------------------------------------------------------+
; Port Connectivity Checks: "conecta_4:game_inst"                                                                  ;
+--------+--------+----------+-------------------------------------------------------------------------------------+
; Port   ; Type   ; Severity ; Details                                                                             ;
+--------+--------+----------+-------------------------------------------------------------------------------------+
; player ; Output ; Info     ; Connected to dangling logic. Logic that only feeds a dangling port will be removed. ;
; draw   ; Output ; Info     ; Connected to dangling logic. Logic that only feeds a dangling port will be removed. ;
+--------+--------+----------+-------------------------------------------------------------------------------------+


+------------------------------------------------------------------------------------------------------------------------------------------------------------------------------------------------------------------+
; Port Connectivity Checks: "vga_pll:pll_inst"                                                                                                                                                                     ;
+---------+--------+----------+------------------------------------------------------------------------------------------------------------------------------------------------------------------------------------+
; Port    ; Type   ; Severity ; Details                                                                                                                                                                            ;
+---------+--------+----------+------------------------------------------------------------------------------------------------------------------------------------------------------------------------------------+
; rst     ; Input  ; Warning  ; Input port expression (32 bits) is wider than the input port (1 bits) it drives.  The 31 most-significant bit(s) in the expression will be dangling if they have no other fanouts. ;
; rst[-1] ; Input  ; Info     ; Stuck at GND                                                                                                                                                                       ;
; locked  ; Output ; Info     ; Explicitly unconnected                                                                                                                                                             ;
+---------+--------+----------+------------------------------------------------------------------------------------------------------------------------------------------------------------------------------------+


+-----------------------------------------------------+
; Post-Synthesis Netlist Statistics for Top Partition ;
+-----------------------+-----------------------------+
; Type                  ; Count                       ;
+-----------------------+-----------------------------+
; arriav_ff             ; 255                         ;
;     CLR               ; 28                          ;
;     CLR SCLR          ; 96                          ;
;     ENA               ; 6                           ;
;     ENA CLR           ; 104                         ;
;     ENA SCLR          ; 10                          ;
;     SCLR              ; 10                          ;
;     plain             ; 1                           ;
; arriav_lcell_comb     ; 1300                        ;
;     arith             ; 456                         ;
;         0 data inputs ; 24                          ;
;         1 data inputs ; 356                         ;
;         2 data inputs ; 34                          ;
;         3 data inputs ; 16                          ;
;         4 data inputs ; 25                          ;
;         5 data inputs ; 1                           ;
;     extend            ; 20                          ;
;         7 data inputs ; 20                          ;
;     normal            ; 728                         ;
;         0 data inputs ; 1                           ;
;         1 data inputs ; 52                          ;
;         2 data inputs ; 76                          ;
;         3 data inputs ; 106                         ;
;         4 data inputs ; 103                         ;
;         5 data inputs ; 180                         ;
;         6 data inputs ; 210                         ;
;     shared            ; 96                          ;
;         0 data inputs ; 2                           ;
;         1 data inputs ; 4                           ;
;         2 data inputs ; 90                          ;
; arriav_mac            ; 8                           ;
; boundary_port         ; 50                          ;
;                       ;                             ;
; Max LUT depth         ; 21.80                       ;
; Average LUT depth     ; 9.54                        ;
+-----------------------+-----------------------------+


+-------------------------------+
; Elapsed Time Per Partition    ;
+----------------+--------------+
; Partition Name ; Elapsed Time ;
+----------------+--------------+
; Top            ; 00:00:02     ;
+----------------+--------------+


+-------------------------------+
; Analysis & Synthesis Messages ;
+-------------------------------+
Info: *******************************************************************
Info: Running Quartus Prime Analysis & Synthesis
    Info: Version 22.1std.0 Build 915 10/25/2022 SC Lite Edition
    Info: Processing started: Wed May  7 02:08:44 2025
Info: Command: quartus_map --read_settings_files=on --write_settings_files=off conecta_4 -c conecta_4
Warning (125092): Tcl Script File vga_pll.qip not found
    Info (125063): set_global_assignment -name QIP_FILE vga_pll.qip
Warning (18236): Number of processors has not been specified which may cause overloading on shared machines.  Set the global assignment NUM_PARALLEL_PROCESSORS in your QSF to an appropriate value for best performance.
Info (20030): Parallel compilation is enabled and will use 16 of the 16 processors detected
Info (12021): Found 1 design units, including 1 entities, in source file conecta_4.sv
    Info (12023): Found entity 1: conecta_4 File: C:/Users/Xpc/Documents/GitHub/gbolaos_ablanco_bfeng_digital_desing_lab_2025/Laboratorio_3/conecta_4.sv Line: 1
Info (12021): Found 1 design units, including 1 entities, in source file conecta_4_tb.sv
    Info (12023): Found entity 1: conecta_4_tb File: C:/Users/Xpc/Documents/GitHub/gbolaos_ablanco_bfeng_digital_desing_lab_2025/Laboratorio_3/conecta_4_tb.sv Line: 3
Info (12021): Found 1 design units, including 1 entities, in source file videogen.sv
    Info (12023): Found entity 1: videoGen File: C:/Users/Xpc/Documents/GitHub/gbolaos_ablanco_bfeng_digital_desing_lab_2025/Laboratorio_3/videoGen.sv Line: 1
Info (12021): Found 1 design units, including 1 entities, in source file vga.sv
    Info (12023): Found entity 1: VGA File: C:/Users/Xpc/Documents/GitHub/gbolaos_ablanco_bfeng_digital_desing_lab_2025/Laboratorio_3/VGA.sv Line: 1
Info (12021): Found 1 design units, including 1 entities, in source file connect4_top.sv
    Info (12023): Found entity 1: Connect4_Top File: C:/Users/Xpc/Documents/GitHub/gbolaos_ablanco_bfeng_digital_desing_lab_2025/Laboratorio_3/Connect4_Top.sv Line: 1
Info (12021): Found 1 design units, including 1 entities, in source file startscreen.sv
    Info (12023): Found entity 1: startScreen File: C:/Users/Xpc/Documents/GitHub/gbolaos_ablanco_bfeng_digital_desing_lab_2025/Laboratorio_3/startScreen.sv Line: 1
Info (12021): Found 1 design units, including 1 entities, in source file tb_connect4_top.sv
    Info (12023): Found entity 1: tb_Connect4_Top File: C:/Users/Xpc/Documents/GitHub/gbolaos_ablanco_bfeng_digital_desing_lab_2025/Laboratorio_3/tb_Connect4_Top.sv Line: 3
Info (12021): Found 1 design units, including 1 entities, in source file vga_pll.sv
    Info (12023): Found entity 1: vga_pll File: C:/Users/Xpc/Documents/GitHub/gbolaos_ablanco_bfeng_digital_desing_lab_2025/Laboratorio_3/vga_pll.sv Line: 1
Info (12021): Found 1 design units, including 1 entities, in source file debounce.sv
    Info (12023): Found entity 1: debounce File: C:/Users/Xpc/Documents/GitHub/gbolaos_ablanco_bfeng_digital_desing_lab_2025/Laboratorio_3/debounce.sv Line: 1
Warning (10236): Verilog HDL Implicit Net warning at Connect4_Top.sv(190): created implicit net for "board_full" File: C:/Users/Xpc/Documents/GitHub/gbolaos_ablanco_bfeng_digital_desing_lab_2025/Laboratorio_3/Connect4_Top.sv Line: 190
Info (12127): Elaborating entity "Connect4_Top" for the top level hierarchy
Warning (10036): Verilog HDL or VHDL warning at Connect4_Top.sv(190): object "board_full" assigned a value but never read File: C:/Users/Xpc/Documents/GitHub/gbolaos_ablanco_bfeng_digital_desing_lab_2025/Laboratorio_3/Connect4_Top.sv Line: 190
Warning (10036): Verilog HDL or VHDL warning at Connect4_Top.sv(70): object "is_game_over_state_active" assigned a value but never read File: C:/Users/Xpc/Documents/GitHub/gbolaos_ablanco_bfeng_digital_desing_lab_2025/Laboratorio_3/Connect4_Top.sv Line: 70
Warning (10230): Verilog HDL assignment warning at Connect4_Top.sv(154): truncated value with size 32 to match size of target (3) File: C:/Users/Xpc/Documents/GitHub/gbolaos_ablanco_bfeng_digital_desing_lab_2025/Laboratorio_3/Connect4_Top.sv Line: 154
Warning (10230): Verilog HDL assignment warning at Connect4_Top.sv(156): truncated value with size 32 to match size of target (3) File: C:/Users/Xpc/Documents/GitHub/gbolaos_ablanco_bfeng_digital_desing_lab_2025/Laboratorio_3/Connect4_Top.sv Line: 156
Warning (10034): Output port "p1_led" at Connect4_Top.sv(20) has no driver File: C:/Users/Xpc/Documents/GitHub/gbolaos_ablanco_bfeng_digital_desing_lab_2025/Laboratorio_3/Connect4_Top.sv Line: 20
Warning (10034): Output port "p2_led" at Connect4_Top.sv(21) has no driver File: C:/Users/Xpc/Documents/GitHub/gbolaos_ablanco_bfeng_digital_desing_lab_2025/Laboratorio_3/Connect4_Top.sv Line: 21
Warning (10034): Output port "game_over_led" at Connect4_Top.sv(22) has no driver File: C:/Users/Xpc/Documents/GitHub/gbolaos_ablanco_bfeng_digital_desing_lab_2025/Laboratorio_3/Connect4_Top.sv Line: 22
Info (10008): Verilog HDL or VHDL information: EDA Netlist Writer cannot regroup multidimensional array "board" into its bus
Info (12128): Elaborating entity "debounce" for hierarchy "debounce:db_left" File: C:/Users/Xpc/Documents/GitHub/gbolaos_ablanco_bfeng_digital_desing_lab_2025/Laboratorio_3/Connect4_Top.sv Line: 35
Info (12128): Elaborating entity "vga_pll" for hierarchy "vga_pll:pll_inst" File: C:/Users/Xpc/Documents/GitHub/gbolaos_ablanco_bfeng_digital_desing_lab_2025/Laboratorio_3/Connect4_Top.sv Line: 57
Info (12128): Elaborating entity "VGA" for hierarchy "VGA:vgaCont" File: C:/Users/Xpc/Documents/GitHub/gbolaos_ablanco_bfeng_digital_desing_lab_2025/Laboratorio_3/Connect4_Top.sv Line: 115
Info (12128): Elaborating entity "conecta_4" for hierarchy "conecta_4:game_inst" File: C:/Users/Xpc/Documents/GitHub/gbolaos_ablanco_bfeng_digital_desing_lab_2025/Laboratorio_3/Connect4_Top.sv Line: 126
Warning (10230): Verilog HDL assignment warning at conecta_4.sv(129): truncated value with size 32 to match size of target (3) File: C:/Users/Xpc/Documents/GitHub/gbolaos_ablanco_bfeng_digital_desing_lab_2025/Laboratorio_3/conecta_4.sv Line: 129
Warning (10230): Verilog HDL assignment warning at conecta_4.sv(130): truncated value with size 32 to match size of target (6) File: C:/Users/Xpc/Documents/GitHub/gbolaos_ablanco_bfeng_digital_desing_lab_2025/Laboratorio_3/conecta_4.sv Line: 130
Info (10008): Verilog HDL or VHDL information: EDA Netlist Writer cannot regroup multidimensional array "board" into its bus
Info (10008): Verilog HDL or VHDL information: EDA Netlist Writer cannot regroup multidimensional array "state_board" into its bus
Info (10008): Verilog HDL or VHDL information: EDA Netlist Writer cannot regroup multidimensional array "board" into its bus
Info (12128): Elaborating entity "videoGen" for hierarchy "videoGen:gameBoardDrawer" File: C:/Users/Xpc/Documents/GitHub/gbolaos_ablanco_bfeng_digital_desing_lab_2025/Laboratorio_3/Connect4_Top.sv Line: 172
Warning (10230): Verilog HDL assignment warning at videoGen.sv(15): truncated value with size 32 to match size of target (11) File: C:/Users/Xpc/Documents/GitHub/gbolaos_ablanco_bfeng_digital_desing_lab_2025/Laboratorio_3/videoGen.sv Line: 15
Warning (10230): Verilog HDL assignment warning at videoGen.sv(16): truncated value with size 32 to match size of target (11) File: C:/Users/Xpc/Documents/GitHub/gbolaos_ablanco_bfeng_digital_desing_lab_2025/Laboratorio_3/videoGen.sv Line: 16
Warning (10036): Verilog HDL or VHDL warning at videoGen.sv(67): object "player1_chip" assigned a value but never read File: C:/Users/Xpc/Documents/GitHub/gbolaos_ablanco_bfeng_digital_desing_lab_2025/Laboratorio_3/videoGen.sv Line: 67
Warning (10036): Verilog HDL or VHDL warning at videoGen.sv(67): object "player2_chip" assigned a value but never read File: C:/Users/Xpc/Documents/GitHub/gbolaos_ablanco_bfeng_digital_desing_lab_2025/Laboratorio_3/videoGen.sv Line: 67
Warning (10230): Verilog HDL assignment warning at videoGen.sv(91): truncated value with size 11 to match size of target (3) File: C:/Users/Xpc/Documents/GitHub/gbolaos_ablanco_bfeng_digital_desing_lab_2025/Laboratorio_3/videoGen.sv Line: 91
Warning (10230): Verilog HDL assignment warning at videoGen.sv(93): truncated value with size 11 to match size of target (3) File: C:/Users/Xpc/Documents/GitHub/gbolaos_ablanco_bfeng_digital_desing_lab_2025/Laboratorio_3/videoGen.sv Line: 93
Warning (10230): Verilog HDL assignment warning at videoGen.sv(95): truncated value with size 32 to match size of target (3) File: C:/Users/Xpc/Documents/GitHub/gbolaos_ablanco_bfeng_digital_desing_lab_2025/Laboratorio_3/videoGen.sv Line: 95
Warning (10230): Verilog HDL assignment warning at videoGen.sv(115): truncated value with size 32 to match size of target (16) File: C:/Users/Xpc/Documents/GitHub/gbolaos_ablanco_bfeng_digital_desing_lab_2025/Laboratorio_3/videoGen.sv Line: 115
Warning (10230): Verilog HDL assignment warning at videoGen.sv(122): truncated value with size 32 to match size of target (16) File: C:/Users/Xpc/Documents/GitHub/gbolaos_ablanco_bfeng_digital_desing_lab_2025/Laboratorio_3/videoGen.sv Line: 122
Warning (10230): Verilog HDL assignment warning at videoGen.sv(129): truncated value with size 32 to match size of target (16) File: C:/Users/Xpc/Documents/GitHub/gbolaos_ablanco_bfeng_digital_desing_lab_2025/Laboratorio_3/videoGen.sv Line: 129
Warning (10230): Verilog HDL assignment warning at videoGen.sv(136): truncated value with size 32 to match size of target (16) File: C:/Users/Xpc/Documents/GitHub/gbolaos_ablanco_bfeng_digital_desing_lab_2025/Laboratorio_3/videoGen.sv Line: 136
Warning (10230): Verilog HDL assignment warning at videoGen.sv(160): truncated value with size 32 to match size of target (16) File: C:/Users/Xpc/Documents/GitHub/gbolaos_ablanco_bfeng_digital_desing_lab_2025/Laboratorio_3/videoGen.sv Line: 160
Info (12128): Elaborating entity "startScreen" for hierarchy "startScreen:start" File: C:/Users/Xpc/Documents/GitHub/gbolaos_ablanco_bfeng_digital_desing_lab_2025/Laboratorio_3/Connect4_Top.sv Line: 181
Info (278001): Inferred 2 megafunctions from design logic
    Info (278004): Inferred divider/modulo megafunction ("lpm_divide") from the following logic: "videoGen:gameBoardDrawer|Div1" File: C:/Users/Xpc/Documents/GitHub/gbolaos_ablanco_bfeng_digital_desing_lab_2025/Laboratorio_3/videoGen.sv Line: 94
    Info (278004): Inferred divider/modulo megafunction ("lpm_divide") from the following logic: "videoGen:gameBoardDrawer|Div0" File: C:/Users/Xpc/Documents/GitHub/gbolaos_ablanco_bfeng_digital_desing_lab_2025/Laboratorio_3/videoGen.sv Line: 92
Info (12130): Elaborated megafunction instantiation "videoGen:gameBoardDrawer|lpm_divide:Div1" File: C:/Users/Xpc/Documents/GitHub/gbolaos_ablanco_bfeng_digital_desing_lab_2025/Laboratorio_3/videoGen.sv Line: 94
Info (12133): Instantiated megafunction "videoGen:gameBoardDrawer|lpm_divide:Div1" with the following parameter: File: C:/Users/Xpc/Documents/GitHub/gbolaos_ablanco_bfeng_digital_desing_lab_2025/Laboratorio_3/videoGen.sv Line: 94
    Info (12134): Parameter "LPM_WIDTHN" = "11"
    Info (12134): Parameter "LPM_WIDTHD" = "6"
    Info (12134): Parameter "LPM_NREPRESENTATION" = "UNSIGNED"
    Info (12134): Parameter "LPM_DREPRESENTATION" = "UNSIGNED"
Info (12021): Found 1 design units, including 1 entities, in source file db/lpm_divide_hbm.tdf
    Info (12023): Found entity 1: lpm_divide_hbm File: C:/Users/Xpc/Documents/GitHub/gbolaos_ablanco_bfeng_digital_desing_lab_2025/Laboratorio_3/db/lpm_divide_hbm.tdf Line: 25
Info (12021): Found 1 design units, including 1 entities, in source file db/sign_div_unsign_nlh.tdf
    Info (12023): Found entity 1: sign_div_unsign_nlh File: C:/Users/Xpc/Documents/GitHub/gbolaos_ablanco_bfeng_digital_desing_lab_2025/Laboratorio_3/db/sign_div_unsign_nlh.tdf Line: 25
Info (12021): Found 1 design units, including 1 entities, in source file db/alt_u_div_kve.tdf
    Info (12023): Found entity 1: alt_u_div_kve File: C:/Users/Xpc/Documents/GitHub/gbolaos_ablanco_bfeng_digital_desing_lab_2025/Laboratorio_3/db/alt_u_div_kve.tdf Line: 23
Warning (12241): 1 hierarchies have connectivity warnings - see the Connectivity Checks report folder
Warning (13024): Output pins are stuck at VCC or GND
    Warning (13410): Pin "segments[1]" is stuck at GND File: C:/Users/Xpc/Documents/GitHub/gbolaos_ablanco_bfeng_digital_desing_lab_2025/Laboratorio_3/Connect4_Top.sv Line: 19
    Warning (13410): Pin "p1_led" is stuck at GND File: C:/Users/Xpc/Documents/GitHub/gbolaos_ablanco_bfeng_digital_desing_lab_2025/Laboratorio_3/Connect4_Top.sv Line: 20
    Warning (13410): Pin "p2_led" is stuck at GND File: C:/Users/Xpc/Documents/GitHub/gbolaos_ablanco_bfeng_digital_desing_lab_2025/Laboratorio_3/Connect4_Top.sv Line: 21
    Warning (13410): Pin "game_over_led" is stuck at GND File: C:/Users/Xpc/Documents/GitHub/gbolaos_ablanco_bfeng_digital_desing_lab_2025/Laboratorio_3/Connect4_Top.sv Line: 22
    Warning (13410): Pin "estado[2]" is stuck at GND File: C:/Users/Xpc/Documents/GitHub/gbolaos_ablanco_bfeng_digital_desing_lab_2025/Laboratorio_3/Connect4_Top.sv Line: 24
Info (286030): Timing-Driven Synthesis is running
Info (17049): 1 registers lost all their fanouts during netlist optimizations.
Info (144001): Generated suppressed messages file C:/Users/Xpc/Documents/GitHub/gbolaos_ablanco_bfeng_digital_desing_lab_2025/Laboratorio_3/output_files/conecta_4.map.smsg
Info (16010): Generating hard_block partition "hard_block:auto_generated_inst"
    Info (16011): Adding 0 node(s), including 0 DDIO, 0 PLL, 0 transceiver and 0 LCELL
Warning (21074): Design contains 2 input pin(s) that do not drive logic
    Warning (15610): No output dependent on input pin "p1_start_raw" File: C:/Users/Xpc/Documents/GitHub/gbolaos_ablanco_bfeng_digital_desing_lab_2025/Laboratorio_3/Connect4_Top.sv Line: 8
    Warning (15610): No output dependent on input pin "p2_start_raw" File: C:/Users/Xpc/Documents/GitHub/gbolaos_ablanco_bfeng_digital_desing_lab_2025/Laboratorio_3/Connect4_Top.sv Line: 9
Info (21057): Implemented 1443 device resources after synthesis - the final resource count might be different
    Info (21058): Implemented 7 input pins
    Info (21059): Implemented 43 output pins
    Info (21061): Implemented 1385 logic cells
    Info (21062): Implemented 8 DSP elements
Info: Quartus Prime Analysis & Synthesis was successful. 0 errors, 34 warnings
    Info: Peak virtual memory: 4944 megabytes
    Info: Processing ended: Wed May  7 02:08:52 2025
    Info: Elapsed time: 00:00:08
    Info: Total CPU time (on all processors): 00:00:18


+------------------------------------------+
; Analysis & Synthesis Suppressed Messages ;
+------------------------------------------+
The suppressed messages can be found in C:/Users/Xpc/Documents/GitHub/gbolaos_ablanco_bfeng_digital_desing_lab_2025/Laboratorio_3/output_files/conecta_4.map.smsg.


