------------------------------------------------------------
Timing Analyzer Summary
------------------------------------------------------------

Type  : Slow 1100mV 85C Model Setup 'clk'
Slack : -13.040
TNS   : -1713.989

Type  : Slow 1100mV 85C Model Setup 'pll:vgapll|toggle'
Slack : -3.128
TNS   : -74.881

Type  : Slow 1100mV 85C Model Hold 'clk'
Slack : 0.346
TNS   : 0.000

Type  : Slow 1100mV 85C Model Hold 'pll:vgapll|toggle'
Slack : 0.669
TNS   : 0.000

Type  : Slow 1100mV 85C Model Recovery 'clk'
Slack : -1.144
TNS   : -36.304

Type  : Slow 1100mV 85C Model Removal 'clk'
Slack : 0.771
TNS   : 0.000

Type  : Slow 1100mV 85C Model Minimum Pulse Width 'clk'
Slack : -0.394
TNS   : -187.466

Type  : Slow 1100mV 85C Model Minimum Pulse Width 'pll:vgapll|toggle'
Slack : -0.394
TNS   : -12.979

Type  : Slow 1100mV 0C Model Setup 'clk'
Slack : -12.878
TNS   : -1697.903

Type  : Slow 1100mV 0C Model Setup 'pll:vgapll|toggle'
Slack : -3.149
TNS   : -75.746

Type  : Slow 1100mV 0C Model Hold 'clk'
Slack : 0.316
TNS   : 0.000

Type  : Slow 1100mV 0C Model Hold 'pll:vgapll|toggle'
Slack : 0.663
TNS   : 0.000

Type  : Slow 1100mV 0C Model Recovery 'clk'
Slack : -1.067
TNS   : -33.635

Type  : Slow 1100mV 0C Model Removal 'clk'
Slack : 0.715
TNS   : 0.000

Type  : Slow 1100mV 0C Model Minimum Pulse Width 'clk'
Slack : -0.394
TNS   : -203.503

Type  : Slow 1100mV 0C Model Minimum Pulse Width 'pll:vgapll|toggle'
Slack : -0.394
TNS   : -12.960

Type  : Fast 1100mV 85C Model Setup 'clk'
Slack : -6.902
TNS   : -875.241

Type  : Fast 1100mV 85C Model Setup 'pll:vgapll|toggle'
Slack : -1.430
TNS   : -32.947

Type  : Fast 1100mV 85C Model Hold 'clk'
Slack : 0.177
TNS   : 0.000

Type  : Fast 1100mV 85C Model Hold 'pll:vgapll|toggle'
Slack : 0.348
TNS   : 0.000

Type  : Fast 1100mV 85C Model Recovery 'clk'
Slack : -0.366
TNS   : -9.837

Type  : Fast 1100mV 85C Model Removal 'clk'
Slack : 0.430
TNS   : 0.000

Type  : Fast 1100mV 85C Model Minimum Pulse Width 'clk'
Slack : -0.248
TNS   : -28.215

Type  : Fast 1100mV 85C Model Minimum Pulse Width 'pll:vgapll|toggle'
Slack : 0.131
TNS   : 0.000

Type  : Fast 1100mV 0C Model Setup 'clk'
Slack : -6.278
TNS   : -771.452

Type  : Fast 1100mV 0C Model Setup 'pll:vgapll|toggle'
Slack : -1.314
TNS   : -30.250

Type  : Fast 1100mV 0C Model Hold 'clk'
Slack : 0.169
TNS   : 0.000

Type  : Fast 1100mV 0C Model Hold 'pll:vgapll|toggle'
Slack : 0.316
TNS   : 0.000

Type  : Fast 1100mV 0C Model Recovery 'clk'
Slack : -0.257
TNS   : -6.683

Type  : Fast 1100mV 0C Model Removal 'clk'
Slack : 0.389
TNS   : 0.000

Type  : Fast 1100mV 0C Model Minimum Pulse Width 'clk'
Slack : -0.257
TNS   : -28.240

Type  : Fast 1100mV 0C Model Minimum Pulse Width 'pll:vgapll|toggle'
Slack : 0.136
TNS   : 0.000

------------------------------------------------------------
