Analysis & Elaboration report for connect4
Wed May  7 01:30:36 2025
Quartus Prime Version 22.1std.0 Build 915 10/25/2022 SC Lite Edition


---------------------
; Table of Contents ;
---------------------
  1. Legal Notice
  2. Analysis & Elaboration Summary
  3. Parallel Compilation
  4. Parameter Settings for User Entity Instance: Button_debounce:debounce_shared_left
  5. Parameter Settings for User Entity Instance: Button_debounce:debounce_shared_right
  6. Parameter Settings for User Entity Instance: Button_debounce:debounce_shared_confirm
  7. Parameter Settings for User Entity Instance: Button_debounce:debounce_p1_start
  8. Parameter Settings for User Entity Instance: Button_debounce:debounce_p2_start
  9. Parameter Settings for User Entity Instance: vgaController:vgaCont
 10. Analysis & Elaboration Settings
 11. Port Connectivity Checks: "winner_detection:winnerDetect"
 12. Port Connectivity Checks: "connect4_fsm:fsm"
 13. Analysis & Elaboration Messages
 14. Analysis & Elaboration Suppressed Messages



----------------
; Legal Notice ;
----------------
Copyright (C) 2022  Intel Corporation. All rights reserved.
Your use of Intel Corporation's design tools, logic functions 
and other software and tools, and any partner logic 
functions, and any output files from any of the foregoing 
(including device programming or simulation files), and any 
associated documentation or information are expressly subject 
to the terms and conditions of the Intel Program License 
Subscription Agreement, the Intel Quartus Prime License Agreement,
the Intel FPGA IP License Agreement, or other applicable license
agreement, including, without limitation, that your use is for
the sole purpose of programming logic devices manufactured by
Intel and sold by Intel or its authorized distributors.  Please
refer to the applicable agreement for further details, at
https://fpgasoftware.intel.com/eula.



+--------------------------------------------------------------------------------+
; Analysis & Elaboration Summary                                                 ;
+-------------------------------+------------------------------------------------+
; Analysis & Elaboration Status ; Successful - Wed May  7 01:30:36 2025          ;
; Quartus Prime Version         ; 22.1std.0 Build 915 10/25/2022 SC Lite Edition ;
; Revision Name                 ; connect4                                       ;
; Top-level Entity Name         ; toplevel_connect4                              ;
; Family                        ; Cyclone V                                      ;
; Logic utilization (in ALMs)   ; N/A until Partition Merge                      ;
; Total registers               ; N/A until Partition Merge                      ;
; Total pins                    ; N/A until Partition Merge                      ;
; Total virtual pins            ; N/A until Partition Merge                      ;
; Total block memory bits       ; N/A until Partition Merge                      ;
; Total PLLs                    ; N/A until Partition Merge                      ;
; Total DLLs                    ; N/A until Partition Merge                      ;
+-------------------------------+------------------------------------------------+


+------------------------------------------+
; Parallel Compilation                     ;
+----------------------------+-------------+
; Processors                 ; Number      ;
+----------------------------+-------------+
; Number detected on machine ; 16          ;
; Maximum allowed            ; 10          ;
;                            ;             ;
; Average used               ; 1.00        ;
; Maximum used               ; 1           ;
;                            ;             ;
; Usage by Processor         ; % Time Used ;
;     Processor 1            ; 100.0%      ;
+----------------------------+-------------+


+-----------------------------------------------------------------------------------+
; Parameter Settings for User Entity Instance: Button_debounce:debounce_shared_left ;
+----------------+----------+-------------------------------------------------------+
; Parameter Name ; Value    ; Type                                                  ;
+----------------+----------+-------------------------------------------------------+
; CLK_FREQ       ; 50000000 ; Signed Integer                                        ;
; STABLE_TIME_MS ; 10       ; Signed Integer                                        ;
+----------------+----------+-------------------------------------------------------+
Note: In order to hide this table in the UI and the text report file, please set the "Show Parameter Settings in Synthesis Report" option in "Analysis and Synthesis Settings -> More Settings" to "Off".


+------------------------------------------------------------------------------------+
; Parameter Settings for User Entity Instance: Button_debounce:debounce_shared_right ;
+----------------+----------+--------------------------------------------------------+
; Parameter Name ; Value    ; Type                                                   ;
+----------------+----------+--------------------------------------------------------+
; CLK_FREQ       ; 50000000 ; Signed Integer                                         ;
; STABLE_TIME_MS ; 10       ; Signed Integer                                         ;
+----------------+----------+--------------------------------------------------------+
Note: In order to hide this table in the UI and the text report file, please set the "Show Parameter Settings in Synthesis Report" option in "Analysis and Synthesis Settings -> More Settings" to "Off".


+--------------------------------------------------------------------------------------+
; Parameter Settings for User Entity Instance: Button_debounce:debounce_shared_confirm ;
+----------------+----------+----------------------------------------------------------+
; Parameter Name ; Value    ; Type                                                     ;
+----------------+----------+----------------------------------------------------------+
; CLK_FREQ       ; 50000000 ; Signed Integer                                           ;
; STABLE_TIME_MS ; 10       ; Signed Integer                                           ;
+----------------+----------+----------------------------------------------------------+
Note: In order to hide this table in the UI and the text report file, please set the "Show Parameter Settings in Synthesis Report" option in "Analysis and Synthesis Settings -> More Settings" to "Off".


+--------------------------------------------------------------------------------+
; Parameter Settings for User Entity Instance: Button_debounce:debounce_p1_start ;
+----------------+----------+----------------------------------------------------+
; Parameter Name ; Value    ; Type                                               ;
+----------------+----------+----------------------------------------------------+
; CLK_FREQ       ; 50000000 ; Signed Integer                                     ;
; STABLE_TIME_MS ; 10       ; Signed Integer                                     ;
+----------------+----------+----------------------------------------------------+
Note: In order to hide this table in the UI and the text report file, please set the "Show Parameter Settings in Synthesis Report" option in "Analysis and Synthesis Settings -> More Settings" to "Off".


+--------------------------------------------------------------------------------+
; Parameter Settings for User Entity Instance: Button_debounce:debounce_p2_start ;
+----------------+----------+----------------------------------------------------+
; Parameter Name ; Value    ; Type                                               ;
+----------------+----------+----------------------------------------------------+
; CLK_FREQ       ; 50000000 ; Signed Integer                                     ;
; STABLE_TIME_MS ; 10       ; Signed Integer                                     ;
+----------------+----------+----------------------------------------------------+
Note: In order to hide this table in the UI and the text report file, please set the "Show Parameter Settings in Synthesis Report" option in "Analysis and Synthesis Settings -> More Settings" to "Off".


+--------------------------------------------------------------------+
; Parameter Settings for User Entity Instance: vgaController:vgaCont ;
+----------------+------------+--------------------------------------+
; Parameter Name ; Value      ; Type                                 ;
+----------------+------------+--------------------------------------+
; HACTIVE        ; 1010000000 ; Unsigned Binary                      ;
; HFP            ; 0000010000 ; Unsigned Binary                      ;
; HSYN           ; 0001100000 ; Unsigned Binary                      ;
; HBP            ; 0000110000 ; Unsigned Binary                      ;
; HMAX           ; 1100100000 ; Unsigned Binary                      ;
; VBP            ; 0000100001 ; Unsigned Binary                      ;
; VACTIVE        ; 0111100000 ; Unsigned Binary                      ;
; VFP            ; 0000001010 ; Unsigned Binary                      ;
; VSYN           ; 0000000010 ; Unsigned Binary                      ;
; VMAX           ; 1000001101 ; Unsigned Binary                      ;
+----------------+------------+--------------------------------------+
Note: In order to hide this table in the UI and the text report file, please set the "Show Parameter Settings in Synthesis Report" option in "Analysis and Synthesis Settings -> More Settings" to "Off".


+---------------------------------------------------------------------------------------------------------------------------+
; Analysis & Elaboration Settings                                                                                           ;
+---------------------------------------------------------------------------------+--------------------+--------------------+
; Option                                                                          ; Setting            ; Default Value      ;
+---------------------------------------------------------------------------------+--------------------+--------------------+
; Device                                                                          ; 5CSXFC6D6F31C6     ;                    ;
; Top-level entity name                                                           ; toplevel_connect4  ; connect4           ;
; Family name                                                                     ; Cyclone V          ; Cyclone V          ;
; Use smart compilation                                                           ; Off                ; Off                ;
; Enable parallel Assembler and Timing Analyzer during compilation                ; On                 ; On                 ;
; Enable compact report table                                                     ; Off                ; Off                ;
; Restructure Multiplexers                                                        ; Auto               ; Auto               ;
; MLAB Add Timing Constraints For Mixed-Port Feed-Through Mode Setting Don't Care ; Off                ; Off                ;
; Create Debugging Nodes for IP Cores                                             ; Off                ; Off                ;
; Preserve fewer node names                                                       ; On                 ; On                 ;
; Intel FPGA IP Evaluation Mode                                                   ; Enable             ; Enable             ;
; Verilog Version                                                                 ; Verilog_2001       ; Verilog_2001       ;
; VHDL Version                                                                    ; VHDL_1993          ; VHDL_1993          ;
; State Machine Processing                                                        ; Auto               ; Auto               ;
; Safe State Machine                                                              ; Off                ; Off                ;
; Extract Verilog State Machines                                                  ; On                 ; On                 ;
; Extract VHDL State Machines                                                     ; On                 ; On                 ;
; Ignore Verilog initial constructs                                               ; Off                ; Off                ;
; Iteration limit for constant Verilog loops                                      ; 5000               ; 5000               ;
; Iteration limit for non-constant Verilog loops                                  ; 250                ; 250                ;
; Add Pass-Through Logic to Inferred RAMs                                         ; On                 ; On                 ;
; Infer RAMs from Raw Logic                                                       ; On                 ; On                 ;
; Parallel Synthesis                                                              ; On                 ; On                 ;
; DSP Block Balancing                                                             ; Auto               ; Auto               ;
; NOT Gate Push-Back                                                              ; On                 ; On                 ;
; Power-Up Don't Care                                                             ; On                 ; On                 ;
; Remove Redundant Logic Cells                                                    ; Off                ; Off                ;
; Remove Duplicate Registers                                                      ; On                 ; On                 ;
; Ignore CARRY Buffers                                                            ; Off                ; Off                ;
; Ignore CASCADE Buffers                                                          ; Off                ; Off                ;
; Ignore GLOBAL Buffers                                                           ; Off                ; Off                ;
; Ignore ROW GLOBAL Buffers                                                       ; Off                ; Off                ;
; Ignore LCELL Buffers                                                            ; Off                ; Off                ;
; Ignore SOFT Buffers                                                             ; On                 ; On                 ;
; Limit AHDL Integers to 32 Bits                                                  ; Off                ; Off                ;
; Optimization Technique                                                          ; Balanced           ; Balanced           ;
; Carry Chain Length                                                              ; 70                 ; 70                 ;
; Auto Carry Chains                                                               ; On                 ; On                 ;
; Auto Open-Drain Pins                                                            ; On                 ; On                 ;
; Perform WYSIWYG Primitive Resynthesis                                           ; Off                ; Off                ;
; Auto ROM Replacement                                                            ; On                 ; On                 ;
; Auto RAM Replacement                                                            ; On                 ; On                 ;
; Auto DSP Block Replacement                                                      ; On                 ; On                 ;
; Auto Shift Register Replacement                                                 ; Auto               ; Auto               ;
; Allow Shift Register Merging across Hierarchies                                 ; Auto               ; Auto               ;
; Auto Clock Enable Replacement                                                   ; On                 ; On                 ;
; Strict RAM Replacement                                                          ; Off                ; Off                ;
; Allow Synchronous Control Signals                                               ; On                 ; On                 ;
; Force Use of Synchronous Clear Signals                                          ; Off                ; Off                ;
; Auto Resource Sharing                                                           ; Off                ; Off                ;
; Allow Any RAM Size For Recognition                                              ; Off                ; Off                ;
; Allow Any ROM Size For Recognition                                              ; Off                ; Off                ;
; Allow Any Shift Register Size For Recognition                                   ; Off                ; Off                ;
; Use LogicLock Constraints during Resource Balancing                             ; On                 ; On                 ;
; Ignore translate_off and synthesis_off directives                               ; Off                ; Off                ;
; Timing-Driven Synthesis                                                         ; On                 ; On                 ;
; Report Parameter Settings                                                       ; On                 ; On                 ;
; Report Source Assignments                                                       ; On                 ; On                 ;
; Report Connectivity Checks                                                      ; On                 ; On                 ;
; Ignore Maximum Fan-Out Assignments                                              ; Off                ; Off                ;
; Synchronization Register Chain Length                                           ; 3                  ; 3                  ;
; Power Optimization During Synthesis                                             ; Normal compilation ; Normal compilation ;
; HDL message level                                                               ; Level2             ; Level2             ;
; Suppress Register Optimization Related Messages                                 ; Off                ; Off                ;
; Number of Removed Registers Reported in Synthesis Report                        ; 5000               ; 5000               ;
; Number of Swept Nodes Reported in Synthesis Report                              ; 5000               ; 5000               ;
; Number of Inverted Registers Reported in Synthesis Report                       ; 100                ; 100                ;
; Clock MUX Protection                                                            ; On                 ; On                 ;
; Auto Gated Clock Conversion                                                     ; Off                ; Off                ;
; Block Design Naming                                                             ; Auto               ; Auto               ;
; SDC constraint protection                                                       ; Off                ; Off                ;
; Synthesis Effort                                                                ; Auto               ; Auto               ;
; Shift Register Replacement - Allow Asynchronous Clear Signal                    ; On                 ; On                 ;
; Pre-Mapping Resynthesis Optimization                                            ; Off                ; Off                ;
; Analysis & Synthesis Message Level                                              ; Medium             ; Medium             ;
; Disable Register Merging Across Hierarchies                                     ; Auto               ; Auto               ;
; Resource Aware Inference For Block RAM                                          ; On                 ; On                 ;
; Automatic Parallel Synthesis                                                    ; On                 ; On                 ;
; Partial Reconfiguration Bitstream ID                                            ; Off                ; Off                ;
+---------------------------------------------------------------------------------+--------------------+--------------------+


+-------------------------------------------------------------------------------------------------------------------------------------------+
; Port Connectivity Checks: "winner_detection:winnerDetect"                                                                                 ;
+------------+--------+----------+----------------------------------------------------------------------------------------------------------+
; Port       ; Type   ; Severity ; Details                                                                                                  ;
+------------+--------+----------+----------------------------------------------------------------------------------------------------------+
; player_won ; Output ; Warning  ; Declared by entity but not connected by instance. Logic that only feeds a dangling port will be removed. ;
+------------+--------+----------+----------------------------------------------------------------------------------------------------------+


+---------------------------------------------------------------------------------------------------------------------+
; Port Connectivity Checks: "connect4_fsm:fsm"                                                                        ;
+-----------+--------+----------+-------------------------------------------------------------------------------------+
; Port      ; Type   ; Severity ; Details                                                                             ;
+-----------+--------+----------+-------------------------------------------------------------------------------------+
; player[1] ; Output ; Info     ; Connected to dangling logic. Logic that only feeds a dangling port will be removed. ;
+-----------+--------+----------+-------------------------------------------------------------------------------------+


+---------------------------------+
; Analysis & Elaboration Messages ;
+---------------------------------+
Info: *******************************************************************
Info: Running Quartus Prime Analysis & Elaboration
    Info: Version 22.1std.0 Build 915 10/25/2022 SC Lite Edition
    Info: Processing started: Wed May  7 01:30:30 2025
Info: Command: quartus_map --read_settings_files=on --write_settings_files=off connect4 -c connect4 --analysis_and_elaboration
Warning (18236): Number of processors has not been specified which may cause overloading on shared machines.  Set the global assignment NUM_PARALLEL_PROCESSORS in your QSF to an appropriate value for best performance.
Info (20030): Parallel compilation is enabled and will use 10 of the 10 processors detected
Info (12021): Found 1 design units, including 1 entities, in source file vgacontroller.sv
    Info (12023): Found entity 1: vgaController File: C:/Users/AlePene/Documents/GitHub/gbolaos_ablanco_bfeng_digital_desing_lab_2025/Laboratorio_3/vgaController.sv Line: 1
Info (12021): Found 1 design units, including 1 entities, in source file bcd_visualizer.sv
    Info (12023): Found entity 1: BCD_Visualizer File: C:/Users/AlePene/Documents/GitHub/gbolaos_ablanco_bfeng_digital_desing_lab_2025/Laboratorio_3/BCD_Visualizer.sv Line: 1
Info (12021): Found 1 design units, including 1 entities, in source file button_debounce.sv
    Info (12023): Found entity 1: Button_debounce File: C:/Users/AlePene/Documents/GitHub/gbolaos_ablanco_bfeng_digital_desing_lab_2025/Laboratorio_3/Button_debounce.sv Line: 1
Info (12021): Found 1 design units, including 1 entities, in source file full_timer.sv
    Info (12023): Found entity 1: Full_Timer File: C:/Users/AlePene/Documents/GitHub/gbolaos_ablanco_bfeng_digital_desing_lab_2025/Laboratorio_3/Full_Timer.sv Line: 1
Info (12021): Found 1 design units, including 1 entities, in source file spi_main.sv
    Info (12023): Found entity 1: SPI_main File: C:/Users/AlePene/Documents/GitHub/gbolaos_ablanco_bfeng_digital_desing_lab_2025/Laboratorio_3/SPI_main.sv Line: 1
Info (12021): Found 1 design units, including 1 entities, in source file timer.sv
    Info (12023): Found entity 1: Timer File: C:/Users/AlePene/Documents/GitHub/gbolaos_ablanco_bfeng_digital_desing_lab_2025/Laboratorio_3/Timer.sv Line: 1
Info (12021): Found 1 design units, including 1 entities, in source file arduino_interface.sv
    Info (12023): Found entity 1: arduino_interface File: C:/Users/AlePene/Documents/GitHub/gbolaos_ablanco_bfeng_digital_desing_lab_2025/Laboratorio_3/arduino_interface.sv Line: 1
Info (12021): Found 1 design units, including 1 entities, in source file connect4_fsm.sv
    Info (12023): Found entity 1: connect4_fsm File: C:/Users/AlePene/Documents/GitHub/gbolaos_ablanco_bfeng_digital_desing_lab_2025/Laboratorio_3/connect4_fsm.sv Line: 1
Info (12021): Found 1 design units, including 1 entities, in source file gameoverscreen.sv
    Info (12023): Found entity 1: gameOverScreen File: C:/Users/AlePene/Documents/GitHub/gbolaos_ablanco_bfeng_digital_desing_lab_2025/Laboratorio_3/gameOverScreen.sv Line: 1
Info (12021): Found 1 design units, including 1 entities, in source file matrixtablero.sv
    Info (12023): Found entity 1: matrixTablero File: C:/Users/AlePene/Documents/GitHub/gbolaos_ablanco_bfeng_digital_desing_lab_2025/Laboratorio_3/matrixTablero.sv Line: 1
Info (12021): Found 1 design units, including 1 entities, in source file matrixtablerocontrol.sv
    Info (12023): Found entity 1: matrixTableroControl File: C:/Users/AlePene/Documents/GitHub/gbolaos_ablanco_bfeng_digital_desing_lab_2025/Laboratorio_3/matrixTableroControl.sv Line: 1
Info (12021): Found 1 design units, including 1 entities, in source file pll.sv
    Info (12023): Found entity 1: pll File: C:/Users/AlePene/Documents/GitHub/gbolaos_ablanco_bfeng_digital_desing_lab_2025/Laboratorio_3/pll.sv Line: 1
Info (12021): Found 1 design units, including 1 entities, in source file random_selector.sv
    Info (12023): Found entity 1: random_selector File: C:/Users/AlePene/Documents/GitHub/gbolaos_ablanco_bfeng_digital_desing_lab_2025/Laboratorio_3/random_selector.sv Line: 1
Info (12021): Found 1 design units, including 1 entities, in source file startscreen.sv
    Info (12023): Found entity 1: startScreen File: C:/Users/AlePene/Documents/GitHub/gbolaos_ablanco_bfeng_digital_desing_lab_2025/Laboratorio_3/startScreen.sv Line: 1
Info (12021): Found 1 design units, including 1 entities, in source file toplevel_connect4.sv
    Info (12023): Found entity 1: toplevel_connect4 File: C:/Users/AlePene/Documents/GitHub/gbolaos_ablanco_bfeng_digital_desing_lab_2025/Laboratorio_3/toplevel_connect4.sv Line: 1
Info (12021): Found 1 design units, including 1 entities, in source file videogen.sv
    Info (12023): Found entity 1: videoGen File: C:/Users/AlePene/Documents/GitHub/gbolaos_ablanco_bfeng_digital_desing_lab_2025/Laboratorio_3/videoGen.sv Line: 1
Info (12021): Found 1 design units, including 1 entities, in source file winner_detection.sv
    Info (12023): Found entity 1: winner_detection File: C:/Users/AlePene/Documents/GitHub/gbolaos_ablanco_bfeng_digital_desing_lab_2025/Laboratorio_3/winner_detection.sv Line: 1
Info (12021): Found 1 design units, including 1 entities, in source file tb_toplevel_connect4.sv
    Info (12023): Found entity 1: tb_toplevel_connect4 File: C:/Users/AlePene/Documents/GitHub/gbolaos_ablanco_bfeng_digital_desing_lab_2025/Laboratorio_3/tb_toplevel_connect4.sv Line: 3
Info (12127): Elaborating entity "toplevel_connect4" for the top level hierarchy
Warning (10036): Verilog HDL or VHDL warning at toplevel_connect4.sv(64): object "is_game_over_state_active" assigned a value but never read File: C:/Users/AlePene/Documents/GitHub/gbolaos_ablanco_bfeng_digital_desing_lab_2025/Laboratorio_3/toplevel_connect4.sv Line: 64
Info (12128): Elaborating entity "Button_debounce" for hierarchy "Button_debounce:debounce_shared_left" File: C:/Users/AlePene/Documents/GitHub/gbolaos_ablanco_bfeng_digital_desing_lab_2025/Laboratorio_3/toplevel_connect4.sv Line: 68
Warning (10230): Verilog HDL assignment warning at Button_debounce.sv(40): truncated value with size 32 to match size of target (19) File: C:/Users/AlePene/Documents/GitHub/gbolaos_ablanco_bfeng_digital_desing_lab_2025/Laboratorio_3/Button_debounce.sv Line: 40
Info (12128): Elaborating entity "pll" for hierarchy "pll:vgapll" File: C:/Users/AlePene/Documents/GitHub/gbolaos_ablanco_bfeng_digital_desing_lab_2025/Laboratorio_3/toplevel_connect4.sv Line: 79
Info (12128): Elaborating entity "vgaController" for hierarchy "vgaController:vgaCont" File: C:/Users/AlePene/Documents/GitHub/gbolaos_ablanco_bfeng_digital_desing_lab_2025/Laboratorio_3/toplevel_connect4.sv Line: 86
Info (12128): Elaborating entity "connect4_fsm" for hierarchy "connect4_fsm:fsm" File: C:/Users/AlePene/Documents/GitHub/gbolaos_ablanco_bfeng_digital_desing_lab_2025/Laboratorio_3/toplevel_connect4.sv Line: 94
Info (10264): Verilog HDL Case Statement information at connect4_fsm.sv(124): all case item expressions in this case statement are onehot File: C:/Users/AlePene/Documents/GitHub/gbolaos_ablanco_bfeng_digital_desing_lab_2025/Laboratorio_3/connect4_fsm.sv Line: 124
Info (12128): Elaborating entity "matrixTableroControl" for hierarchy "matrixTableroControl:matrixCtrl" File: C:/Users/AlePene/Documents/GitHub/gbolaos_ablanco_bfeng_digital_desing_lab_2025/Laboratorio_3/toplevel_connect4.sv Line: 101
Warning (10230): Verilog HDL assignment warning at matrixTableroControl.sv(76): truncated value with size 32 to match size of target (3) File: C:/Users/AlePene/Documents/GitHub/gbolaos_ablanco_bfeng_digital_desing_lab_2025/Laboratorio_3/matrixTableroControl.sv Line: 76
Warning (10230): Verilog HDL assignment warning at matrixTableroControl.sv(78): truncated value with size 32 to match size of target (3) File: C:/Users/AlePene/Documents/GitHub/gbolaos_ablanco_bfeng_digital_desing_lab_2025/Laboratorio_3/matrixTableroControl.sv Line: 78
Info (12128): Elaborating entity "matrixTablero" for hierarchy "matrixTablero:matrixReg" File: C:/Users/AlePene/Documents/GitHub/gbolaos_ablanco_bfeng_digital_desing_lab_2025/Laboratorio_3/toplevel_connect4.sv Line: 107
Warning (10230): Verilog HDL assignment warning at tb_toplevel_connect4.sv(254): truncated value with size 32 to match size of target (3) File: C:/Users/AlePene/Documents/GitHub/gbolaos_ablanco_bfeng_digital_desing_lab_2025/Laboratorio_3/tb_toplevel_connect4.sv Line: 254
Info (12128): Elaborating entity "winner_detection" for hierarchy "winner_detection:winnerDetect" File: C:/Users/AlePene/Documents/GitHub/gbolaos_ablanco_bfeng_digital_desing_lab_2025/Laboratorio_3/toplevel_connect4.sv Line: 112
Warning (10230): Verilog HDL assignment warning at winner_detection.sv(39): truncated value with size 32 to match size of target (3) File: C:/Users/AlePene/Documents/GitHub/gbolaos_ablanco_bfeng_digital_desing_lab_2025/Laboratorio_3/winner_detection.sv Line: 39
Warning (10230): Verilog HDL assignment warning at winner_detection.sv(42): truncated value with size 32 to match size of target (3) File: C:/Users/AlePene/Documents/GitHub/gbolaos_ablanco_bfeng_digital_desing_lab_2025/Laboratorio_3/winner_detection.sv Line: 42
Warning (10230): Verilog HDL assignment warning at winner_detection.sv(43): truncated value with size 32 to match size of target (3) File: C:/Users/AlePene/Documents/GitHub/gbolaos_ablanco_bfeng_digital_desing_lab_2025/Laboratorio_3/winner_detection.sv Line: 43
Warning (10230): Verilog HDL assignment warning at winner_detection.sv(44): truncated value with size 32 to match size of target (3) File: C:/Users/AlePene/Documents/GitHub/gbolaos_ablanco_bfeng_digital_desing_lab_2025/Laboratorio_3/winner_detection.sv Line: 44
Warning (10230): Verilog HDL assignment warning at winner_detection.sv(45): truncated value with size 32 to match size of target (3) File: C:/Users/AlePene/Documents/GitHub/gbolaos_ablanco_bfeng_digital_desing_lab_2025/Laboratorio_3/winner_detection.sv Line: 45
Warning (10230): Verilog HDL assignment warning at winner_detection.sv(53): truncated value with size 32 to match size of target (1) File: C:/Users/AlePene/Documents/GitHub/gbolaos_ablanco_bfeng_digital_desing_lab_2025/Laboratorio_3/winner_detection.sv Line: 53
Warning (10230): Verilog HDL assignment warning at winner_detection.sv(64): truncated value with size 32 to match size of target (3) File: C:/Users/AlePene/Documents/GitHub/gbolaos_ablanco_bfeng_digital_desing_lab_2025/Laboratorio_3/winner_detection.sv Line: 64
Warning (10230): Verilog HDL assignment warning at winner_detection.sv(66): truncated value with size 32 to match size of target (3) File: C:/Users/AlePene/Documents/GitHub/gbolaos_ablanco_bfeng_digital_desing_lab_2025/Laboratorio_3/winner_detection.sv Line: 66
Warning (10230): Verilog HDL assignment warning at winner_detection.sv(67): truncated value with size 32 to match size of target (3) File: C:/Users/AlePene/Documents/GitHub/gbolaos_ablanco_bfeng_digital_desing_lab_2025/Laboratorio_3/winner_detection.sv Line: 67
Warning (10230): Verilog HDL assignment warning at winner_detection.sv(68): truncated value with size 32 to match size of target (3) File: C:/Users/AlePene/Documents/GitHub/gbolaos_ablanco_bfeng_digital_desing_lab_2025/Laboratorio_3/winner_detection.sv Line: 68
Warning (10230): Verilog HDL assignment warning at winner_detection.sv(69): truncated value with size 32 to match size of target (3) File: C:/Users/AlePene/Documents/GitHub/gbolaos_ablanco_bfeng_digital_desing_lab_2025/Laboratorio_3/winner_detection.sv Line: 69
Warning (10230): Verilog HDL assignment warning at winner_detection.sv(76): truncated value with size 32 to match size of target (1) File: C:/Users/AlePene/Documents/GitHub/gbolaos_ablanco_bfeng_digital_desing_lab_2025/Laboratorio_3/winner_detection.sv Line: 76
Warning (10230): Verilog HDL assignment warning at winner_detection.sv(86): truncated value with size 32 to match size of target (3) File: C:/Users/AlePene/Documents/GitHub/gbolaos_ablanco_bfeng_digital_desing_lab_2025/Laboratorio_3/winner_detection.sv Line: 86
Warning (10230): Verilog HDL assignment warning at winner_detection.sv(87): truncated value with size 32 to match size of target (3) File: C:/Users/AlePene/Documents/GitHub/gbolaos_ablanco_bfeng_digital_desing_lab_2025/Laboratorio_3/winner_detection.sv Line: 87
Warning (10230): Verilog HDL assignment warning at winner_detection.sv(88): truncated value with size 32 to match size of target (3) File: C:/Users/AlePene/Documents/GitHub/gbolaos_ablanco_bfeng_digital_desing_lab_2025/Laboratorio_3/winner_detection.sv Line: 88
Warning (10230): Verilog HDL assignment warning at winner_detection.sv(89): truncated value with size 32 to match size of target (3) File: C:/Users/AlePene/Documents/GitHub/gbolaos_ablanco_bfeng_digital_desing_lab_2025/Laboratorio_3/winner_detection.sv Line: 89
Warning (10230): Verilog HDL assignment warning at winner_detection.sv(91): truncated value with size 32 to match size of target (3) File: C:/Users/AlePene/Documents/GitHub/gbolaos_ablanco_bfeng_digital_desing_lab_2025/Laboratorio_3/winner_detection.sv Line: 91
Warning (10230): Verilog HDL assignment warning at winner_detection.sv(92): truncated value with size 32 to match size of target (3) File: C:/Users/AlePene/Documents/GitHub/gbolaos_ablanco_bfeng_digital_desing_lab_2025/Laboratorio_3/winner_detection.sv Line: 92
Warning (10230): Verilog HDL assignment warning at winner_detection.sv(93): truncated value with size 32 to match size of target (3) File: C:/Users/AlePene/Documents/GitHub/gbolaos_ablanco_bfeng_digital_desing_lab_2025/Laboratorio_3/winner_detection.sv Line: 93
Warning (10230): Verilog HDL assignment warning at winner_detection.sv(94): truncated value with size 32 to match size of target (3) File: C:/Users/AlePene/Documents/GitHub/gbolaos_ablanco_bfeng_digital_desing_lab_2025/Laboratorio_3/winner_detection.sv Line: 94
Warning (10230): Verilog HDL assignment warning at winner_detection.sv(101): truncated value with size 32 to match size of target (1) File: C:/Users/AlePene/Documents/GitHub/gbolaos_ablanco_bfeng_digital_desing_lab_2025/Laboratorio_3/winner_detection.sv Line: 101
Warning (10230): Verilog HDL assignment warning at winner_detection.sv(112): truncated value with size 32 to match size of target (3) File: C:/Users/AlePene/Documents/GitHub/gbolaos_ablanco_bfeng_digital_desing_lab_2025/Laboratorio_3/winner_detection.sv Line: 112
Warning (10230): Verilog HDL assignment warning at winner_detection.sv(113): truncated value with size 32 to match size of target (3) File: C:/Users/AlePene/Documents/GitHub/gbolaos_ablanco_bfeng_digital_desing_lab_2025/Laboratorio_3/winner_detection.sv Line: 113
Warning (10230): Verilog HDL assignment warning at winner_detection.sv(114): truncated value with size 32 to match size of target (3) File: C:/Users/AlePene/Documents/GitHub/gbolaos_ablanco_bfeng_digital_desing_lab_2025/Laboratorio_3/winner_detection.sv Line: 114
Warning (10230): Verilog HDL assignment warning at winner_detection.sv(115): truncated value with size 32 to match size of target (3) File: C:/Users/AlePene/Documents/GitHub/gbolaos_ablanco_bfeng_digital_desing_lab_2025/Laboratorio_3/winner_detection.sv Line: 115
Warning (10230): Verilog HDL assignment warning at winner_detection.sv(118): truncated value with size 32 to match size of target (3) File: C:/Users/AlePene/Documents/GitHub/gbolaos_ablanco_bfeng_digital_desing_lab_2025/Laboratorio_3/winner_detection.sv Line: 118
Warning (10230): Verilog HDL assignment warning at winner_detection.sv(119): truncated value with size 32 to match size of target (3) File: C:/Users/AlePene/Documents/GitHub/gbolaos_ablanco_bfeng_digital_desing_lab_2025/Laboratorio_3/winner_detection.sv Line: 119
Warning (10230): Verilog HDL assignment warning at winner_detection.sv(120): truncated value with size 32 to match size of target (3) File: C:/Users/AlePene/Documents/GitHub/gbolaos_ablanco_bfeng_digital_desing_lab_2025/Laboratorio_3/winner_detection.sv Line: 120
Warning (10230): Verilog HDL assignment warning at winner_detection.sv(121): truncated value with size 32 to match size of target (3) File: C:/Users/AlePene/Documents/GitHub/gbolaos_ablanco_bfeng_digital_desing_lab_2025/Laboratorio_3/winner_detection.sv Line: 121
Warning (10230): Verilog HDL assignment warning at winner_detection.sv(129): truncated value with size 32 to match size of target (1) File: C:/Users/AlePene/Documents/GitHub/gbolaos_ablanco_bfeng_digital_desing_lab_2025/Laboratorio_3/winner_detection.sv Line: 129
Info (12128): Elaborating entity "Full_Timer" for hierarchy "Full_Timer:timer" File: C:/Users/AlePene/Documents/GitHub/gbolaos_ablanco_bfeng_digital_desing_lab_2025/Laboratorio_3/toplevel_connect4.sv Line: 115
Warning (10230): Verilog HDL assignment warning at Full_Timer.sv(23): truncated value with size 32 to match size of target (4) File: C:/Users/AlePene/Documents/GitHub/gbolaos_ablanco_bfeng_digital_desing_lab_2025/Laboratorio_3/Full_Timer.sv Line: 23
Warning (10230): Verilog HDL assignment warning at Full_Timer.sv(27): truncated value with size 32 to match size of target (27) File: C:/Users/AlePene/Documents/GitHub/gbolaos_ablanco_bfeng_digital_desing_lab_2025/Laboratorio_3/Full_Timer.sv Line: 27
Info (12128): Elaborating entity "BCD_Visualizer" for hierarchy "BCD_Visualizer:segDisplay" File: C:/Users/AlePene/Documents/GitHub/gbolaos_ablanco_bfeng_digital_desing_lab_2025/Laboratorio_3/toplevel_connect4.sv Line: 116
Info (12128): Elaborating entity "random_selector" for hierarchy "random_selector:randomSel" File: C:/Users/AlePene/Documents/GitHub/gbolaos_ablanco_bfeng_digital_desing_lab_2025/Laboratorio_3/toplevel_connect4.sv Line: 117
Warning (10230): Verilog HDL assignment warning at random_selector.sv(29): truncated value with size 32 to match size of target (3) File: C:/Users/AlePene/Documents/GitHub/gbolaos_ablanco_bfeng_digital_desing_lab_2025/Laboratorio_3/random_selector.sv Line: 29
Info (12128): Elaborating entity "videoGen" for hierarchy "videoGen:gameBoardDrawer" File: C:/Users/AlePene/Documents/GitHub/gbolaos_ablanco_bfeng_digital_desing_lab_2025/Laboratorio_3/toplevel_connect4.sv Line: 143
Warning (10230): Verilog HDL assignment warning at videoGen.sv(16): truncated value with size 32 to match size of target (11) File: C:/Users/AlePene/Documents/GitHub/gbolaos_ablanco_bfeng_digital_desing_lab_2025/Laboratorio_3/videoGen.sv Line: 16
Warning (10230): Verilog HDL assignment warning at videoGen.sv(17): truncated value with size 32 to match size of target (11) File: C:/Users/AlePene/Documents/GitHub/gbolaos_ablanco_bfeng_digital_desing_lab_2025/Laboratorio_3/videoGen.sv Line: 17
Warning (10036): Verilog HDL or VHDL warning at videoGen.sv(67): object "player1_chip" assigned a value but never read File: C:/Users/AlePene/Documents/GitHub/gbolaos_ablanco_bfeng_digital_desing_lab_2025/Laboratorio_3/videoGen.sv Line: 67
Warning (10036): Verilog HDL or VHDL warning at videoGen.sv(67): object "player2_chip" assigned a value but never read File: C:/Users/AlePene/Documents/GitHub/gbolaos_ablanco_bfeng_digital_desing_lab_2025/Laboratorio_3/videoGen.sv Line: 67
Warning (10230): Verilog HDL assignment warning at videoGen.sv(91): truncated value with size 11 to match size of target (3) File: C:/Users/AlePene/Documents/GitHub/gbolaos_ablanco_bfeng_digital_desing_lab_2025/Laboratorio_3/videoGen.sv Line: 91
Warning (10230): Verilog HDL assignment warning at videoGen.sv(92): truncated value with size 11 to match size of target (3) File: C:/Users/AlePene/Documents/GitHub/gbolaos_ablanco_bfeng_digital_desing_lab_2025/Laboratorio_3/videoGen.sv Line: 92
Warning (10230): Verilog HDL assignment warning at videoGen.sv(93): truncated value with size 32 to match size of target (3) File: C:/Users/AlePene/Documents/GitHub/gbolaos_ablanco_bfeng_digital_desing_lab_2025/Laboratorio_3/videoGen.sv Line: 93
Warning (10230): Verilog HDL assignment warning at videoGen.sv(113): truncated value with size 32 to match size of target (16) File: C:/Users/AlePene/Documents/GitHub/gbolaos_ablanco_bfeng_digital_desing_lab_2025/Laboratorio_3/videoGen.sv Line: 113
Warning (10230): Verilog HDL assignment warning at videoGen.sv(120): truncated value with size 32 to match size of target (16) File: C:/Users/AlePene/Documents/GitHub/gbolaos_ablanco_bfeng_digital_desing_lab_2025/Laboratorio_3/videoGen.sv Line: 120
Warning (10230): Verilog HDL assignment warning at videoGen.sv(127): truncated value with size 32 to match size of target (16) File: C:/Users/AlePene/Documents/GitHub/gbolaos_ablanco_bfeng_digital_desing_lab_2025/Laboratorio_3/videoGen.sv Line: 127
Warning (10230): Verilog HDL assignment warning at videoGen.sv(134): truncated value with size 32 to match size of target (16) File: C:/Users/AlePene/Documents/GitHub/gbolaos_ablanco_bfeng_digital_desing_lab_2025/Laboratorio_3/videoGen.sv Line: 134
Warning (10230): Verilog HDL assignment warning at videoGen.sv(158): truncated value with size 32 to match size of target (16) File: C:/Users/AlePene/Documents/GitHub/gbolaos_ablanco_bfeng_digital_desing_lab_2025/Laboratorio_3/videoGen.sv Line: 158
Info (12128): Elaborating entity "startScreen" for hierarchy "startScreen:initialScreenDrawer" File: C:/Users/AlePene/Documents/GitHub/gbolaos_ablanco_bfeng_digital_desing_lab_2025/Laboratorio_3/toplevel_connect4.sv Line: 156
Warning (10230): Verilog HDL assignment warning at startScreen.sv(21): truncated value with size 32 to match size of target (11) File: C:/Users/AlePene/Documents/GitHub/gbolaos_ablanco_bfeng_digital_desing_lab_2025/Laboratorio_3/startScreen.sv Line: 21
Warning (10230): Verilog HDL assignment warning at startScreen.sv(22): truncated value with size 32 to match size of target (11) File: C:/Users/AlePene/Documents/GitHub/gbolaos_ablanco_bfeng_digital_desing_lab_2025/Laboratorio_3/startScreen.sv Line: 22
Warning (10230): Verilog HDL assignment warning at startScreen.sv(23): truncated value with size 32 to match size of target (11) File: C:/Users/AlePene/Documents/GitHub/gbolaos_ablanco_bfeng_digital_desing_lab_2025/Laboratorio_3/startScreen.sv Line: 23
Warning (10230): Verilog HDL assignment warning at startScreen.sv(24): truncated value with size 32 to match size of target (11) File: C:/Users/AlePene/Documents/GitHub/gbolaos_ablanco_bfeng_digital_desing_lab_2025/Laboratorio_3/startScreen.sv Line: 24
Warning (12241): 1 hierarchies have connectivity warnings - see the Connectivity Checks report folder
Info (144001): Generated suppressed messages file C:/Users/AlePene/Documents/GitHub/gbolaos_ablanco_bfeng_digital_desing_lab_2025/Laboratorio_3/output_files/connect4.map.smsg
Info: Quartus Prime Analysis & Elaboration was successful. 0 errors, 56 warnings
    Info: Peak virtual memory: 4807 megabytes
    Info: Processing ended: Wed May  7 01:30:36 2025
    Info: Elapsed time: 00:00:06
    Info: Total CPU time (on all processors): 00:00:15


+--------------------------------------------+
; Analysis & Elaboration Suppressed Messages ;
+--------------------------------------------+
The suppressed messages can be found in C:/Users/AlePene/Documents/GitHub/gbolaos_ablanco_bfeng_digital_desing_lab_2025/Laboratorio_3/output_files/connect4.map.smsg.


